Archive member included because of file (symbol)

c:/users/t0ti2/compilers/cross/winavr/bin/../lib/gcc/avr/4.3.3/avr5\libgcc.a(_mulsi3.o)
                              ./MCAL/Timer/Timer_Program.o (__mulsi3)
c:/users/t0ti2/compilers/cross/winavr/bin/../lib/gcc/avr/4.3.3/avr5\libgcc.a(_udivmodqi4.o)
                              ./HAL/Seven_Segment/Seven_Segment_Program.o (__udivmodqi4)
c:/users/t0ti2/compilers/cross/winavr/bin/../lib/gcc/avr/4.3.3/avr5\libgcc.a(_udivmodsi4.o)
                              ./MCAL/Timer/Timer_Program.o (__udivmodsi4)
c:/users/t0ti2/compilers/cross/winavr/bin/../lib/gcc/avr/4.3.3/avr5\libgcc.a(_exit.o)
                              c:/users/t0ti2/compilers/cross/winavr/bin/../lib/gcc/avr/4.3.3/../../../../avr/lib/avr5/crtm32.o (exit)
c:/users/t0ti2/compilers/cross/winavr/bin/../lib/gcc/avr/4.3.3/avr5\libgcc.a(_copy_data.o)
                              ./HAL/Seven_Segment/Seven_Segment_Program.o (__do_copy_data)
c:/users/t0ti2/compilers/cross/winavr/bin/../lib/gcc/avr/4.3.3/avr5\libgcc.a(_clear_bss.o)
                              ./MCAL/Timer/Timer_Program.o (__do_clear_bss)
c:/users/t0ti2/compilers/cross/winavr/bin/../lib/gcc/avr/4.3.3/avr5\libgcc.a(_fixunssfsi.o)
                              ./MCAL/Timer/Timer_Program.o (__fixunssfsi)
c:/users/t0ti2/compilers/cross/winavr/bin/../lib/gcc/avr/4.3.3/avr5\libgcc.a(_addsub_sf.o)
                              c:/users/t0ti2/compilers/cross/winavr/bin/../lib/gcc/avr/4.3.3/avr5\libgcc.a(_fixunssfsi.o) (__subsf3)
c:/users/t0ti2/compilers/cross/winavr/bin/../lib/gcc/avr/4.3.3/avr5\libgcc.a(_mul_sf.o)
                              ./HAL/Stepper_Motor/Stepper_Motor_Program.o (__mulsf3)
c:/users/t0ti2/compilers/cross/winavr/bin/../lib/gcc/avr/4.3.3/avr5\libgcc.a(_div_sf.o)
                              ./MCAL/Timer/Timer_Program.o (__divsf3)
c:/users/t0ti2/compilers/cross/winavr/bin/../lib/gcc/avr/4.3.3/avr5\libgcc.a(_gt_sf.o)
                              ./HAL/Stepper_Motor/Stepper_Motor_Program.o (__gtsf2)
c:/users/t0ti2/compilers/cross/winavr/bin/../lib/gcc/avr/4.3.3/avr5\libgcc.a(_ge_sf.o)
                              c:/users/t0ti2/compilers/cross/winavr/bin/../lib/gcc/avr/4.3.3/avr5\libgcc.a(_fixunssfsi.o) (__gesf2)
c:/users/t0ti2/compilers/cross/winavr/bin/../lib/gcc/avr/4.3.3/avr5\libgcc.a(_lt_sf.o)
                              ./HAL/Stepper_Motor/Stepper_Motor_Program.o (__ltsf2)
c:/users/t0ti2/compilers/cross/winavr/bin/../lib/gcc/avr/4.3.3/avr5\libgcc.a(_sf_to_si.o)
                              c:/users/t0ti2/compilers/cross/winavr/bin/../lib/gcc/avr/4.3.3/avr5\libgcc.a(_fixunssfsi.o) (__fixsfsi)
c:/users/t0ti2/compilers/cross/winavr/bin/../lib/gcc/avr/4.3.3/avr5\libgcc.a(_thenan_sf.o)
                              c:/users/t0ti2/compilers/cross/winavr/bin/../lib/gcc/avr/4.3.3/avr5\libgcc.a(_addsub_sf.o) (__thenan_sf)
c:/users/t0ti2/compilers/cross/winavr/bin/../lib/gcc/avr/4.3.3/avr5\libgcc.a(_usi_to_sf.o)
                              ./MCAL/Timer/Timer_Program.o (__floatunsisf)
c:/users/t0ti2/compilers/cross/winavr/bin/../lib/gcc/avr/4.3.3/avr5\libgcc.a(_prologue.o)
                              c:/users/t0ti2/compilers/cross/winavr/bin/../lib/gcc/avr/4.3.3/avr5\libgcc.a(_addsub_sf.o) (__prologue_saves__)
c:/users/t0ti2/compilers/cross/winavr/bin/../lib/gcc/avr/4.3.3/avr5\libgcc.a(_epilogue.o)
                              c:/users/t0ti2/compilers/cross/winavr/bin/../lib/gcc/avr/4.3.3/avr5\libgcc.a(_addsub_sf.o) (__epilogue_restores__)
c:/users/t0ti2/compilers/cross/winavr/bin/../lib/gcc/avr/4.3.3/avr5\libgcc.a(_clzsi2.o)
                              c:/users/t0ti2/compilers/cross/winavr/bin/../lib/gcc/avr/4.3.3/avr5\libgcc.a(_usi_to_sf.o) (__clzsi2)
c:/users/t0ti2/compilers/cross/winavr/bin/../lib/gcc/avr/4.3.3/avr5\libgcc.a(_pack_sf.o)
                              c:/users/t0ti2/compilers/cross/winavr/bin/../lib/gcc/avr/4.3.3/avr5\libgcc.a(_addsub_sf.o) (__pack_f)
c:/users/t0ti2/compilers/cross/winavr/bin/../lib/gcc/avr/4.3.3/avr5\libgcc.a(_unpack_sf.o)
                              c:/users/t0ti2/compilers/cross/winavr/bin/../lib/gcc/avr/4.3.3/avr5\libgcc.a(_addsub_sf.o) (__unpack_f)
c:/users/t0ti2/compilers/cross/winavr/bin/../lib/gcc/avr/4.3.3/avr5\libgcc.a(_fpcmp_parts_sf.o)
                              c:/users/t0ti2/compilers/cross/winavr/bin/../lib/gcc/avr/4.3.3/avr5\libgcc.a(_gt_sf.o) (__fpcmp_parts_f)
c:/users/t0ti2/compilers/cross/winavr/bin/../lib/gcc/avr/4.3.3/avr5\libgcc.a(_clz.o)
                              c:/users/t0ti2/compilers/cross/winavr/bin/../lib/gcc/avr/4.3.3/avr5\libgcc.a(_clzsi2.o) (__clz_tab)

Allocating common symbols
Common symbol       size              file

Global_Timer_2_u16Flag
                    0x4               ./MCAL/Timer/Timer_Program.o
Global_Timer_0_u16Flag
                    0x4               ./MCAL/Timer/Timer_Program.o

Memory Configuration

Name             Origin             Length             Attributes
text             0x00000000         0x00020000         xr
data             0x00800060         0x0000ffa0         rw !x
eeprom           0x00810000         0x00010000         rw !x
fuse             0x00820000         0x00000400         rw !x
lock             0x00830000         0x00000400         rw !x
signature        0x00840000         0x00000400         rw !x
*default*        0x00000000         0xffffffff

Linker script and memory map

LOAD c:/users/t0ti2/compilers/cross/winavr/bin/../lib/gcc/avr/4.3.3/../../../../avr/lib/avr5/crtm32.o
LOAD ./MCAL/UART/UART_Program.o
LOAD ./MCAL/Timer/Timer_Program.o
LOAD ./MCAL/TWI/TWI_Program.o
LOAD ./MCAL/SPI/SPI_Program.o
LOAD ./MCAL/GIE/GIE_Program.o
LOAD ./MCAL/External_Interrupt/External_Interrupt_Program.o
LOAD ./MCAL/DIO/DIO_Program.o
LOAD ./MCAL/ADC/ADC_Program.o
LOAD ./HAL/Stepper_Motor/Stepper_Motor_Program.o
LOAD ./HAL/Seven_Segment/Seven_Segment_Program.o
LOAD ./HAL/LCD/LCD_Program.o
LOAD ./HAL/Keypad/Keypad_Program.o
LOAD ./HAL/DC_Motor/DC_Motor_Program.o
LOAD ./Application/main.o
LOAD c:/users/t0ti2/compilers/cross/winavr/bin/../lib/gcc/avr/4.3.3/avr5\libgcc.a
LOAD c:/users/t0ti2/compilers/cross/winavr/bin/../lib/gcc/avr/4.3.3/../../../../avr/lib/avr5\libc.a
LOAD c:/users/t0ti2/compilers/cross/winavr/bin/../lib/gcc/avr/4.3.3/avr5\libgcc.a

.hash
 *(.hash)

.dynsym
 *(.dynsym)

.dynstr
 *(.dynstr)

.gnu.version
 *(.gnu.version)

.gnu.version_d
 *(.gnu.version_d)

.gnu.version_r
 *(.gnu.version_r)

.rel.init
 *(.rel.init)

.rela.init
 *(.rela.init)

.rel.text
 *(.rel.text)
 *(.rel.text.*)
 *(.rel.gnu.linkonce.t*)

.rela.text
 *(.rela.text)
 *(.rela.text.*)
 *(.rela.gnu.linkonce.t*)

.rel.fini
 *(.rel.fini)

.rela.fini
 *(.rela.fini)

.rel.rodata
 *(.rel.rodata)
 *(.rel.rodata.*)
 *(.rel.gnu.linkonce.r*)

.rela.rodata
 *(.rela.rodata)
 *(.rela.rodata.*)
 *(.rela.gnu.linkonce.r*)

.rel.data
 *(.rel.data)
 *(.rel.data.*)
 *(.rel.gnu.linkonce.d*)

.rela.data
 *(.rela.data)
 *(.rela.data.*)
 *(.rela.gnu.linkonce.d*)

.rel.ctors
 *(.rel.ctors)

.rela.ctors
 *(.rela.ctors)

.rel.dtors
 *(.rel.dtors)

.rela.dtors
 *(.rela.dtors)

.rel.got
 *(.rel.got)

.rela.got
 *(.rela.got)

.rel.bss
 *(.rel.bss)

.rela.bss
 *(.rela.bss)

.rel.plt
 *(.rel.plt)

.rela.plt
 *(.rela.plt)

.text           0x00000000     0x5e3a
 *(.vectors)
 .vectors       0x00000000       0x54 c:/users/t0ti2/compilers/cross/winavr/bin/../lib/gcc/avr/4.3.3/../../../../avr/lib/avr5/crtm32.o
                0x00000000                __vectors
                0x00000000                __vector_default
 *(.vectors)
 *(.progmem.gcc*)
 *(.progmem*)
                0x00000054                . = ALIGN (0x2)
                0x00000054                __trampolines_start = .
 *(.trampolines)
 .trampolines   0x00000054        0x0 linker stubs
 *(.trampolines*)
                0x00000054                __trampolines_end = .
 *(.jumptables)
 *(.jumptables*)
 *(.lowtext)
 *(.lowtext*)
                0x00000054                __ctors_start = .
 *(.ctors)
                0x00000054                __ctors_end = .
                0x00000054                __dtors_start = .
 *(.dtors)
                0x00000054                __dtors_end = .
 SORT(*)(.ctors)
 SORT(*)(.dtors)
 *(.init0)
 .init0         0x00000054        0x0 c:/users/t0ti2/compilers/cross/winavr/bin/../lib/gcc/avr/4.3.3/../../../../avr/lib/avr5/crtm32.o
                0x00000054                __init
 *(.init0)
 *(.init1)
 *(.init1)
 *(.init2)
 .init2         0x00000054        0xc c:/users/t0ti2/compilers/cross/winavr/bin/../lib/gcc/avr/4.3.3/../../../../avr/lib/avr5/crtm32.o
 *(.init2)
 *(.init3)
 *(.init3)
 *(.init4)
 .init4         0x00000060       0x16 c:/users/t0ti2/compilers/cross/winavr/bin/../lib/gcc/avr/4.3.3/avr5\libgcc.a(_copy_data.o)
                0x00000060                __do_copy_data
 .init4         0x00000076       0x10 c:/users/t0ti2/compilers/cross/winavr/bin/../lib/gcc/avr/4.3.3/avr5\libgcc.a(_clear_bss.o)
                0x00000076                __do_clear_bss
 *(.init4)
 *(.init5)
 *(.init5)
 *(.init6)
 *(.init6)
 *(.init7)
 *(.init7)
 *(.init8)
 *(.init8)
 *(.init9)
 .init9         0x00000086        0x8 c:/users/t0ti2/compilers/cross/winavr/bin/../lib/gcc/avr/4.3.3/../../../../avr/lib/avr5/crtm32.o
 *(.init9)
 *(.text)
 .text          0x0000008e        0x4 c:/users/t0ti2/compilers/cross/winavr/bin/../lib/gcc/avr/4.3.3/../../../../avr/lib/avr5/crtm32.o
                0x0000008e                __bad_interrupt
                0x0000008e                __vector_6
                0x0000008e                __vector_13
                0x0000008e                __vector_17
                0x0000008e                __vector_19
                0x0000008e                __vector_7
                0x0000008e                __vector_9
                0x0000008e                __vector_15
                0x0000008e                __vector_8
                0x0000008e                __vector_14
                0x0000008e                __vector_16
                0x0000008e                __vector_18
                0x0000008e                __vector_20
 .text          0x00000092        0x0 ./MCAL/UART/UART_Program.o
 .text          0x00000092        0x0 ./MCAL/Timer/Timer_Program.o
 .text          0x00000092        0x0 ./MCAL/TWI/TWI_Program.o
 .text          0x00000092        0x0 ./MCAL/SPI/SPI_Program.o
 .text          0x00000092        0x0 ./MCAL/GIE/GIE_Program.o
 .text          0x00000092        0x0 ./MCAL/External_Interrupt/External_Interrupt_Program.o
 .text          0x00000092        0x0 ./MCAL/DIO/DIO_Program.o
 .text          0x00000092        0x0 ./MCAL/ADC/ADC_Program.o
 .text          0x00000092        0x0 ./HAL/Stepper_Motor/Stepper_Motor_Program.o
 .text          0x00000092        0x0 ./HAL/Seven_Segment/Seven_Segment_Program.o
 .text          0x00000092        0x0 ./HAL/LCD/LCD_Program.o
 .text          0x00000092        0x0 ./HAL/Keypad/Keypad_Program.o
 .text          0x00000092        0x0 ./HAL/DC_Motor/DC_Motor_Program.o
 .text          0x00000092        0x0 ./Application/main.o
 .text          0x00000092        0x0 c:/users/t0ti2/compilers/cross/winavr/bin/../lib/gcc/avr/4.3.3/avr5\libgcc.a(_mulsi3.o)
 .text          0x00000092        0x0 c:/users/t0ti2/compilers/cross/winavr/bin/../lib/gcc/avr/4.3.3/avr5\libgcc.a(_udivmodqi4.o)
 .text          0x00000092        0x0 c:/users/t0ti2/compilers/cross/winavr/bin/../lib/gcc/avr/4.3.3/avr5\libgcc.a(_udivmodsi4.o)
 .text          0x00000092        0x0 c:/users/t0ti2/compilers/cross/winavr/bin/../lib/gcc/avr/4.3.3/avr5\libgcc.a(_exit.o)
 .text          0x00000092        0x0 c:/users/t0ti2/compilers/cross/winavr/bin/../lib/gcc/avr/4.3.3/avr5\libgcc.a(_copy_data.o)
 .text          0x00000092        0x0 c:/users/t0ti2/compilers/cross/winavr/bin/../lib/gcc/avr/4.3.3/avr5\libgcc.a(_clear_bss.o)
 .text          0x00000092       0x58 c:/users/t0ti2/compilers/cross/winavr/bin/../lib/gcc/avr/4.3.3/avr5\libgcc.a(_fixunssfsi.o)
                0x00000092                __fixunssfsi
 .text          0x000000ea      0x354 c:/users/t0ti2/compilers/cross/winavr/bin/../lib/gcc/avr/4.3.3/avr5\libgcc.a(_addsub_sf.o)
                0x00000382                __subsf3
                0x000003e4                __addsf3
 .text          0x0000043e      0x1f4 c:/users/t0ti2/compilers/cross/winavr/bin/../lib/gcc/avr/4.3.3/avr5\libgcc.a(_mul_sf.o)
                0x0000043e                __mulsf3
 .text          0x00000632      0x158 c:/users/t0ti2/compilers/cross/winavr/bin/../lib/gcc/avr/4.3.3/avr5\libgcc.a(_div_sf.o)
                0x00000632                __divsf3
 .text          0x0000078a       0x60 c:/users/t0ti2/compilers/cross/winavr/bin/../lib/gcc/avr/4.3.3/avr5\libgcc.a(_gt_sf.o)
                0x0000078a                __gtsf2
 .text          0x000007ea       0x60 c:/users/t0ti2/compilers/cross/winavr/bin/../lib/gcc/avr/4.3.3/avr5\libgcc.a(_ge_sf.o)
                0x000007ea                __gesf2
 .text          0x0000084a       0x60 c:/users/t0ti2/compilers/cross/winavr/bin/../lib/gcc/avr/4.3.3/avr5\libgcc.a(_lt_sf.o)
                0x0000084a                __ltsf2
 .text          0x000008aa       0xa8 c:/users/t0ti2/compilers/cross/winavr/bin/../lib/gcc/avr/4.3.3/avr5\libgcc.a(_sf_to_si.o)
                0x000008aa                __fixsfsi
 .text          0x00000952        0x0 c:/users/t0ti2/compilers/cross/winavr/bin/../lib/gcc/avr/4.3.3/avr5\libgcc.a(_thenan_sf.o)
 .text          0x00000952       0xf2 c:/users/t0ti2/compilers/cross/winavr/bin/../lib/gcc/avr/4.3.3/avr5\libgcc.a(_usi_to_sf.o)
                0x00000952                __floatunsisf
 .text          0x00000a44        0x0 c:/users/t0ti2/compilers/cross/winavr/bin/../lib/gcc/avr/4.3.3/avr5\libgcc.a(_prologue.o)
 .text          0x00000a44        0x0 c:/users/t0ti2/compilers/cross/winavr/bin/../lib/gcc/avr/4.3.3/avr5\libgcc.a(_epilogue.o)
 .text          0x00000a44       0x9e c:/users/t0ti2/compilers/cross/winavr/bin/../lib/gcc/avr/4.3.3/avr5\libgcc.a(_clzsi2.o)
                0x00000a44                __clzsi2
 .text          0x00000ae2      0x1aa c:/users/t0ti2/compilers/cross/winavr/bin/../lib/gcc/avr/4.3.3/avr5\libgcc.a(_pack_sf.o)
                0x00000ae2                __pack_f
 .text          0x00000c8c       0xf0 c:/users/t0ti2/compilers/cross/winavr/bin/../lib/gcc/avr/4.3.3/avr5\libgcc.a(_unpack_sf.o)
                0x00000c8c                __unpack_f
 .text          0x00000d7c       0xb2 c:/users/t0ti2/compilers/cross/winavr/bin/../lib/gcc/avr/4.3.3/avr5\libgcc.a(_fpcmp_parts_sf.o)
                0x00000d7c                __fpcmp_parts_f
 .text          0x00000e2e        0x0 c:/users/t0ti2/compilers/cross/winavr/bin/../lib/gcc/avr/4.3.3/avr5\libgcc.a(_clz.o)
                0x00000e2e                . = ALIGN (0x2)
 *(.text.*)
 .text.UART_VidInitialization
                0x00000e2e      0x1ea ./MCAL/UART/UART_Program.o
                0x00000e2e                UART_VidInitialization
 .text.UART_VidSend_Receive
                0x00001018       0x66 ./MCAL/UART/UART_Program.o
                0x00001018                UART_VidSend_Receive
 .text.Timer_0_VidBusy_Wait_ms
                0x0000107e      0x1a8 ./MCAL/Timer/Timer_Program.o
                0x0000107e                Timer_0_VidBusy_Wait_ms
 .text.Timer_0_VidDelay_ms
                0x00001226      0x13a ./MCAL/Timer/Timer_Program.o
                0x00001226                Timer_0_VidDelay_ms
 .text.Timer_0_VidInitialization
                0x00001360      0x32e ./MCAL/Timer/Timer_Program.o
                0x00001360                Timer_0_VidInitialization
 .text.Timer_2_VidDelay_ms
                0x0000168e      0x13a ./MCAL/Timer/Timer_Program.o
                0x0000168e                Timer_2_VidDelay_ms
 .text.Timer_2_VidBusy_Wait_ms
                0x000017c8      0x1a6 ./MCAL/Timer/Timer_Program.o
                0x000017c8                Timer_2_VidBusy_Wait_ms
 .text.Timer_2_VidInitialization
                0x0000196e      0x366 ./MCAL/Timer/Timer_Program.o
                0x0000196e                Timer_2_VidInitialization
 .text.Timer_VidPwm_Duty_Cycle
                0x00001cd4       0xa0 ./MCAL/Timer/Timer_Program.o
                0x00001cd4                Timer_VidPwm_Duty_Cycle
 .text.Timer_0_VidOverflow_Inturrept
                0x00001d74       0x2c ./MCAL/Timer/Timer_Program.o
                0x00001d74                Timer_0_VidOverflow_Inturrept
 .text.__vector_11
                0x00001da0       0xb6 ./MCAL/Timer/Timer_Program.o
                0x00001da0                __vector_11
 .text.Timer_0_VidCompare_Match_Inturrept
                0x00001e56       0x2c ./MCAL/Timer/Timer_Program.o
                0x00001e56                Timer_0_VidCompare_Match_Inturrept
 .text.__vector_10
                0x00001e82       0x78 ./MCAL/Timer/Timer_Program.o
                0x00001e82                __vector_10
 .text.Timer_2_VidOverflow_Inturrept
                0x00001efa       0x2c ./MCAL/Timer/Timer_Program.o
                0x00001efa                Timer_2_VidOverflow_Inturrept
 .text.__vector_5
                0x00001f26       0xac ./MCAL/Timer/Timer_Program.o
                0x00001f26                __vector_5
 .text.Timer_2_VidCompare_Match_Inturrept
                0x00001fd2       0x2c ./MCAL/Timer/Timer_Program.o
                0x00001fd2                Timer_2_VidCompare_Match_Inturrept
 .text.__vector_4
                0x00001ffe       0x78 ./MCAL/Timer/Timer_Program.o
                0x00001ffe                __vector_4
 .text.TWI_VidInitialization
                0x00002076       0x60 ./MCAL/TWI/TWI_Program.o
                0x00002076                TWI_VidInitialization
 .text.TWI_VidStart
                0x000020d6       0x7a ./MCAL/TWI/TWI_Program.o
                0x000020d6                TWI_VidStart
 .text.TWI_VidSend_Data
                0x00002150       0x34 ./MCAL/TWI/TWI_Program.o
                0x00002150                TWI_VidSend_Data
 .text.TWI_VidRead_Data
                0x00002184       0x3c ./MCAL/TWI/TWI_Program.o
                0x00002184                TWI_VidRead_Data
 .text.TWI_VidStop
                0x000021c0       0x2a ./MCAL/TWI/TWI_Program.o
                0x000021c0                TWI_VidStop
 .text.SPI_VidInitialization
                0x000021ea      0x122 ./MCAL/SPI/SPI_Program.o
                0x000021ea                SPI_VidInitialization
 .text.SPI_VidSend_Receive
                0x0000230c       0x6e ./MCAL/SPI/SPI_Program.o
                0x0000230c                SPI_VidSend_Receive
 .text.SPI_VidInturrept
                0x0000237a       0x2c ./MCAL/SPI/SPI_Program.o
                0x0000237a                SPI_VidInturrept
 .text.__vector_12
                0x000023a6       0x66 ./MCAL/SPI/SPI_Program.o
                0x000023a6                __vector_12
 .text.GIE_VidEnable
                0x0000240c       0x1c ./MCAL/GIE/GIE_Program.o
                0x0000240c                GIE_VidEnable
 .text.GIE_VidDisable
                0x00002428       0x1c ./MCAL/GIE/GIE_Program.o
                0x00002428                GIE_VidDisable
 .text.External_Interrupt_VidInitialization
                0x00002444      0x3a0 ./MCAL/External_Interrupt/External_Interrupt_Program.o
                0x00002444                External_Interrupt_VidInitialization
 .text.External_Interrupt_1
                0x000027e4       0x2c ./MCAL/External_Interrupt/External_Interrupt_Program.o
                0x000027e4                External_Interrupt_1
 .text.__vector_2
                0x00002810       0x76 ./MCAL/External_Interrupt/External_Interrupt_Program.o
                0x00002810                __vector_2
 .text.External_Interrupt_2
                0x00002886       0x2c ./MCAL/External_Interrupt/External_Interrupt_Program.o
                0x00002886                External_Interrupt_2
 .text.__vector_3
                0x000028b2       0x76 ./MCAL/External_Interrupt/External_Interrupt_Program.o
                0x000028b2                __vector_3
 .text.DIO_VidSet_Pin_Direction
                0x00002928      0x200 ./MCAL/DIO/DIO_Program.o
                0x00002928                DIO_VidSet_Pin_Direction
 .text.DIO_VidInternal_Pin_Bull_Up
                0x00002b28      0x1da ./MCAL/DIO/DIO_Program.o
                0x00002b28                DIO_VidInternal_Pin_Bull_Up
 .text.DIO_VidSet_Pin_Value
                0x00002d02      0x200 ./MCAL/DIO/DIO_Program.o
                0x00002d02                DIO_VidSet_Pin_Value
 .text.DIO_VidToggle_Pin_Value
                0x00002f02       0xfa ./MCAL/DIO/DIO_Program.o
                0x00002f02                DIO_VidToggle_Pin_Value
 .text.DIO_VidGet_Pin_Value
                0x00002ffc      0x108 ./MCAL/DIO/DIO_Program.o
                0x00002ffc                DIO_VidGet_Pin_Value
 .text.DIO_VidSet_Whole_Port_Direction
                0x00003104      0x12a ./MCAL/DIO/DIO_Program.o
                0x00003104                DIO_VidSet_Whole_Port_Direction
 .text.DIO_VidSet_Port_Direction
                0x0000322e       0x82 ./MCAL/DIO/DIO_Program.o
                0x0000322e                DIO_VidSet_Port_Direction
 .text.DIO_VidInternal_Port_Bull_Up
                0x000032b0      0x108 ./MCAL/DIO/DIO_Program.o
                0x000032b0                DIO_VidInternal_Port_Bull_Up
 .text.DIO_VidSet_Port_Value
                0x000033b8       0x82 ./MCAL/DIO/DIO_Program.o
                0x000033b8                DIO_VidSet_Port_Value
 .text.DIO_VidEdit_Port_Value
                0x0000343a      0x1d6 ./MCAL/DIO/DIO_Program.o
                0x0000343a                DIO_VidEdit_Port_Value
 .text.DIO_VidToggle_Port_Value
                0x00003610       0x96 ./MCAL/DIO/DIO_Program.o
                0x00003610                DIO_VidToggle_Port_Value
 .text.DIO_VidGet_Port_Value
                0x000036a6       0x98 ./MCAL/DIO/DIO_Program.o
                0x000036a6                DIO_VidGet_Port_Value
 .text.DIO_VidGlobal_Interrupt_Enable
                0x0000373e       0x1c ./MCAL/DIO/DIO_Program.o
                0x0000373e                DIO_VidGlobal_Interrupt_Enable
 .text.ADC_VidInitialization
                0x0000375a       0x70 ./MCAL/ADC/ADC_Program.o
                0x0000375a                ADC_VidInitialization
 .text.ADC_VidAsync_Reading
                0x000037ca       0x80 ./MCAL/ADC/ADC_Program.o
                0x000037ca                ADC_VidAsync_Reading
 .text.ADC_VidAsync_Mapped_Reading
                0x0000384a       0xbc ./MCAL/ADC/ADC_Program.o
                0x0000384a                ADC_VidAsync_Mapped_Reading
 .text.Stepper_VidGo_Backward
                0x00003906      0x250 ./HAL/Stepper_Motor/Stepper_Motor_Program.o
                0x00003906                Stepper_VidGo_Backward
 .text.Stepper_VidGo_Forward_Micro
                0x00003b56      0x460 ./HAL/Stepper_Motor/Stepper_Motor_Program.o
                0x00003b56                Stepper_VidGo_Forward_Micro
 .text.Seven_Segment_VidInit
                0x00003fb6       0x5e ./HAL/Seven_Segment/Seven_Segment_Program.o
                0x00003fb6                Seven_Segment_VidInit
 .text.Seven_Segment_VidSend_One_Digit
                0x00004014       0x3e ./HAL/Seven_Segment/Seven_Segment_Program.o
                0x00004014                Seven_Segment_VidSend_One_Digit
 .text.Seven_Segment_VidCount_One_Digit
                0x00004052      0x160 ./HAL/Seven_Segment/Seven_Segment_Program.o
                0x00004052                Seven_Segment_VidCount_One_Digit
 .text.Seven_Segment_VidIncrement_One_Digit
                0x000041b2       0x5c ./HAL/Seven_Segment/Seven_Segment_Program.o
                0x000041b2                Seven_Segment_VidIncrement_One_Digit
 .text.Seven_Segment_VidDecrement_One_Digit
                0x0000420e       0x5c ./HAL/Seven_Segment/Seven_Segment_Program.o
                0x0000420e                Seven_Segment_VidDecrement_One_Digit
 .text.Seven_Segment_VidSpecial_One_Digit
                0x0000426a       0x30 ./HAL/Seven_Segment/Seven_Segment_Program.o
                0x0000426a                Seven_Segment_VidSpecial_One_Digit
 .text.Seven_Segment_VidSend_Two_Digits
                0x0000429a      0x298 ./HAL/Seven_Segment/Seven_Segment_Program.o
                0x0000429a                Seven_Segment_VidSend_Two_Digits
 .text.Seven_Segment_VidCount_Two_Digits
                0x00004532      0x2e8 ./HAL/Seven_Segment/Seven_Segment_Program.o
                0x00004532                Seven_Segment_VidCount_Two_Digits
 .text.LCD_VidInitialization
                0x0000481a      0x172 ./HAL/LCD/LCD_Program.o
                0x0000481a                LCD_VidInitialization
 .text.LCD_VidSend_Command
                0x0000498c      0x496 ./HAL/LCD/LCD_Program.o
                0x0000498c                LCD_VidSend_Command
 .text.LCD_VidSend_Data
                0x00004e22      0x5e2 ./HAL/LCD/LCD_Program.o
                0x00004e22                LCD_VidSend_Data
 .text.LCD_VidSet_Position
                0x00005404       0x3c ./HAL/LCD/LCD_Program.o
                0x00005404                LCD_VidSet_Position
 .text.LCD_VidSend_Special_Character
                0x00005440       0x76 ./HAL/LCD/LCD_Program.o
                0x00005440                LCD_VidSend_Special_Character
 .text.LCD_VidSend_String
                0x000054b6       0x58 ./HAL/LCD/LCD_Program.o
                0x000054b6                LCD_VidSend_String
 .text.LCD_VidClear
                0x0000550e       0x14 ./HAL/LCD/LCD_Program.o
                0x0000550e                LCD_VidClear
 .text.Keypad_u8Get_Pressed_Key
                0x00005522      0x18e ./HAL/Keypad/Keypad_Program.o
                0x00005522                Keypad_u8Get_Pressed_Key
 .text.Keypad_u8Get_Pressed_Key_Wait
                0x000056b0      0x188 ./HAL/Keypad/Keypad_Program.o
                0x000056b0                Keypad_u8Get_Pressed_Key_Wait
 .text.Keypad_VidInitialization
                0x00005838       0x36 ./HAL/Keypad/Keypad_Program.o
                0x00005838                Keypad_VidInitialization
 .text.Motor_VidGo_Forward
                0x0000586e       0xb6 ./HAL/DC_Motor/DC_Motor_Program.o
                0x0000586e                Motor_VidGo_Forward
 .text.Motor_VidGo_Backward
                0x00005924       0xb6 ./HAL/DC_Motor/DC_Motor_Program.o
                0x00005924                Motor_VidGo_Backward
 .text.Motor_VidStop
                0x000059da       0xb6 ./HAL/DC_Motor/DC_Motor_Program.o
                0x000059da                Motor_VidStop
 .text.main     0x00005a90       0x5e ./Application/main.o
                0x00005a90                main
 .text.__vector_1
                0x00005aee      0x240 ./Application/main.o
                0x00005aee                __vector_1
 .text.libgcc   0x00005d2e       0x3e c:/users/t0ti2/compilers/cross/winavr/bin/../lib/gcc/avr/4.3.3/avr5\libgcc.a(_mulsi3.o)
                0x00005d2e                __mulsi3
 .text.libgcc   0x00005d6c       0x18 c:/users/t0ti2/compilers/cross/winavr/bin/../lib/gcc/avr/4.3.3/avr5\libgcc.a(_udivmodqi4.o)
                0x00005d6c                __udivmodqi4
 .text.libgcc   0x00005d84       0x44 c:/users/t0ti2/compilers/cross/winavr/bin/../lib/gcc/avr/4.3.3/avr5\libgcc.a(_udivmodsi4.o)
                0x00005d84                __udivmodsi4
 .text.libgcc   0x00005dc8        0x0 c:/users/t0ti2/compilers/cross/winavr/bin/../lib/gcc/avr/4.3.3/avr5\libgcc.a(_exit.o)
 .text.libgcc   0x00005dc8        0x0 c:/users/t0ti2/compilers/cross/winavr/bin/../lib/gcc/avr/4.3.3/avr5\libgcc.a(_copy_data.o)
 .text.libgcc   0x00005dc8        0x0 c:/users/t0ti2/compilers/cross/winavr/bin/../lib/gcc/avr/4.3.3/avr5\libgcc.a(_clear_bss.o)
 .text.libgcc   0x00005dc8       0x38 c:/users/t0ti2/compilers/cross/winavr/bin/../lib/gcc/avr/4.3.3/avr5\libgcc.a(_prologue.o)
                0x00005dc8                __prologue_saves__
 .text.libgcc   0x00005e00       0x36 c:/users/t0ti2/compilers/cross/winavr/bin/../lib/gcc/avr/4.3.3/avr5\libgcc.a(_epilogue.o)
                0x00005e00                __epilogue_restores__
                0x00005e36                . = ALIGN (0x2)
 *(.fini9)
 .fini9         0x00005e36        0x0 c:/users/t0ti2/compilers/cross/winavr/bin/../lib/gcc/avr/4.3.3/avr5\libgcc.a(_exit.o)
                0x00005e36                exit
                0x00005e36                _exit
 *(.fini9)
 *(.fini8)
 *(.fini8)
 *(.fini7)
 *(.fini7)
 *(.fini6)
 *(.fini6)
 *(.fini5)
 *(.fini5)
 *(.fini4)
 *(.fini4)
 *(.fini3)
 *(.fini3)
 *(.fini2)
 *(.fini2)
 *(.fini1)
 *(.fini1)
 *(.fini0)
 .fini0         0x00005e36        0x4 c:/users/t0ti2/compilers/cross/winavr/bin/../lib/gcc/avr/4.3.3/avr5\libgcc.a(_exit.o)
 *(.fini0)
                0x00005e3a                _etext = .

.data           0x00800060      0x132 load address 0x00005e3a
                0x00800060                PROVIDE (__data_start, .)
 *(.data)
 .data          0x00800060        0x0 c:/users/t0ti2/compilers/cross/winavr/bin/../lib/gcc/avr/4.3.3/../../../../avr/lib/avr5/crtm32.o
 .data          0x00800060        0x0 ./MCAL/UART/UART_Program.o
 .data          0x00800060        0x0 ./MCAL/Timer/Timer_Program.o
 .data          0x00800060        0x0 ./MCAL/TWI/TWI_Program.o
 .data          0x00800060        0x0 ./MCAL/SPI/SPI_Program.o
 .data          0x00800060        0x0 ./MCAL/GIE/GIE_Program.o
 .data          0x00800060        0x0 ./MCAL/External_Interrupt/External_Interrupt_Program.o
 .data          0x00800060        0x0 ./MCAL/DIO/DIO_Program.o
 .data          0x00800060        0x0 ./MCAL/ADC/ADC_Program.o
 .data          0x00800060        0x0 ./HAL/Stepper_Motor/Stepper_Motor_Program.o
 .data          0x00800060        0x0 ./HAL/Seven_Segment/Seven_Segment_Program.o
 .data          0x00800060        0x0 ./HAL/LCD/LCD_Program.o
 .data          0x00800060        0x0 ./HAL/Keypad/Keypad_Program.o
 .data          0x00800060        0x0 ./HAL/DC_Motor/DC_Motor_Program.o
 .data          0x00800060        0x0 ./Application/main.o
 .data          0x00800060        0x0 c:/users/t0ti2/compilers/cross/winavr/bin/../lib/gcc/avr/4.3.3/avr5\libgcc.a(_mulsi3.o)
 .data          0x00800060        0x0 c:/users/t0ti2/compilers/cross/winavr/bin/../lib/gcc/avr/4.3.3/avr5\libgcc.a(_udivmodqi4.o)
 .data          0x00800060        0x0 c:/users/t0ti2/compilers/cross/winavr/bin/../lib/gcc/avr/4.3.3/avr5\libgcc.a(_udivmodsi4.o)
 .data          0x00800060        0x0 c:/users/t0ti2/compilers/cross/winavr/bin/../lib/gcc/avr/4.3.3/avr5\libgcc.a(_exit.o)
 .data          0x00800060        0x0 c:/users/t0ti2/compilers/cross/winavr/bin/../lib/gcc/avr/4.3.3/avr5\libgcc.a(_copy_data.o)
 .data          0x00800060        0x0 c:/users/t0ti2/compilers/cross/winavr/bin/../lib/gcc/avr/4.3.3/avr5\libgcc.a(_clear_bss.o)
 .data          0x00800060        0x0 c:/users/t0ti2/compilers/cross/winavr/bin/../lib/gcc/avr/4.3.3/avr5\libgcc.a(_fixunssfsi.o)
 .data          0x00800060        0x0 c:/users/t0ti2/compilers/cross/winavr/bin/../lib/gcc/avr/4.3.3/avr5\libgcc.a(_addsub_sf.o)
 .data          0x00800060        0x0 c:/users/t0ti2/compilers/cross/winavr/bin/../lib/gcc/avr/4.3.3/avr5\libgcc.a(_mul_sf.o)
 .data          0x00800060        0x0 c:/users/t0ti2/compilers/cross/winavr/bin/../lib/gcc/avr/4.3.3/avr5\libgcc.a(_div_sf.o)
 .data          0x00800060        0x0 c:/users/t0ti2/compilers/cross/winavr/bin/../lib/gcc/avr/4.3.3/avr5\libgcc.a(_gt_sf.o)
 .data          0x00800060        0x0 c:/users/t0ti2/compilers/cross/winavr/bin/../lib/gcc/avr/4.3.3/avr5\libgcc.a(_ge_sf.o)
 .data          0x00800060        0x0 c:/users/t0ti2/compilers/cross/winavr/bin/../lib/gcc/avr/4.3.3/avr5\libgcc.a(_lt_sf.o)
 .data          0x00800060        0x0 c:/users/t0ti2/compilers/cross/winavr/bin/../lib/gcc/avr/4.3.3/avr5\libgcc.a(_sf_to_si.o)
 .data          0x00800060        0x8 c:/users/t0ti2/compilers/cross/winavr/bin/../lib/gcc/avr/4.3.3/avr5\libgcc.a(_thenan_sf.o)
                0x00800060                __thenan_sf
 .data          0x00800068        0x0 c:/users/t0ti2/compilers/cross/winavr/bin/../lib/gcc/avr/4.3.3/avr5\libgcc.a(_usi_to_sf.o)
 .data          0x00800068        0x0 c:/users/t0ti2/compilers/cross/winavr/bin/../lib/gcc/avr/4.3.3/avr5\libgcc.a(_prologue.o)
 .data          0x00800068        0x0 c:/users/t0ti2/compilers/cross/winavr/bin/../lib/gcc/avr/4.3.3/avr5\libgcc.a(_epilogue.o)
 .data          0x00800068        0x0 c:/users/t0ti2/compilers/cross/winavr/bin/../lib/gcc/avr/4.3.3/avr5\libgcc.a(_clzsi2.o)
 .data          0x00800068        0x0 c:/users/t0ti2/compilers/cross/winavr/bin/../lib/gcc/avr/4.3.3/avr5\libgcc.a(_pack_sf.o)
 .data          0x00800068        0x0 c:/users/t0ti2/compilers/cross/winavr/bin/../lib/gcc/avr/4.3.3/avr5\libgcc.a(_unpack_sf.o)
 .data          0x00800068        0x0 c:/users/t0ti2/compilers/cross/winavr/bin/../lib/gcc/avr/4.3.3/avr5\libgcc.a(_fpcmp_parts_sf.o)
 .data          0x00800068      0x100 c:/users/t0ti2/compilers/cross/winavr/bin/../lib/gcc/avr/4.3.3/avr5\libgcc.a(_clz.o)
                0x00800068                __clz_tab
 *(.data*)
 .data.Local_u8Seven_Segment_Array
                0x00800168        0xa ./HAL/Seven_Segment/Seven_Segment_Program.o
                0x00800168                Local_u8Seven_Segment_Array
 *(.rodata)
 *(.rodata*)
 .rodata.C.0.1284
                0x00800172       0x10 ./HAL/Keypad/Keypad_Program.o
 .rodata.C.3.1322
                0x00800182       0x10 ./HAL/Keypad/Keypad_Program.o
 *(.gnu.linkonce.d*)
                0x00800192                . = ALIGN (0x2)
                0x00800192                _edata = .
                0x00800192                PROVIDE (__data_end, .)

.bss            0x00800192       0x17
                0x00800192                PROVIDE (__bss_start, .)
 *(.bss)
 .bss           0x00800192        0x0 c:/users/t0ti2/compilers/cross/winavr/bin/../lib/gcc/avr/4.3.3/../../../../avr/lib/avr5/crtm32.o
 .bss           0x00800192        0x0 ./MCAL/UART/UART_Program.o
 .bss           0x00800192        0x0 ./MCAL/Timer/Timer_Program.o
 .bss           0x00800192        0x0 ./MCAL/TWI/TWI_Program.o
 .bss           0x00800192        0x0 ./MCAL/SPI/SPI_Program.o
 .bss           0x00800192        0x0 ./MCAL/GIE/GIE_Program.o
 .bss           0x00800192        0x0 ./MCAL/External_Interrupt/External_Interrupt_Program.o
 .bss           0x00800192        0x0 ./MCAL/DIO/DIO_Program.o
 .bss           0x00800192        0x0 ./MCAL/ADC/ADC_Program.o
 .bss           0x00800192        0x0 ./HAL/Stepper_Motor/Stepper_Motor_Program.o
 .bss           0x00800192        0x0 ./HAL/Seven_Segment/Seven_Segment_Program.o
 .bss           0x00800192        0x0 ./HAL/LCD/LCD_Program.o
 .bss           0x00800192        0x0 ./HAL/Keypad/Keypad_Program.o
 .bss           0x00800192        0x0 ./HAL/DC_Motor/DC_Motor_Program.o
 .bss           0x00800192        0x0 ./Application/main.o
 .bss           0x00800192        0x0 c:/users/t0ti2/compilers/cross/winavr/bin/../lib/gcc/avr/4.3.3/avr5\libgcc.a(_mulsi3.o)
 .bss           0x00800192        0x0 c:/users/t0ti2/compilers/cross/winavr/bin/../lib/gcc/avr/4.3.3/avr5\libgcc.a(_udivmodqi4.o)
 .bss           0x00800192        0x0 c:/users/t0ti2/compilers/cross/winavr/bin/../lib/gcc/avr/4.3.3/avr5\libgcc.a(_udivmodsi4.o)
 .bss           0x00800192        0x0 c:/users/t0ti2/compilers/cross/winavr/bin/../lib/gcc/avr/4.3.3/avr5\libgcc.a(_exit.o)
 .bss           0x00800192        0x0 c:/users/t0ti2/compilers/cross/winavr/bin/../lib/gcc/avr/4.3.3/avr5\libgcc.a(_copy_data.o)
 .bss           0x00800192        0x0 c:/users/t0ti2/compilers/cross/winavr/bin/../lib/gcc/avr/4.3.3/avr5\libgcc.a(_clear_bss.o)
 .bss           0x00800192        0x0 c:/users/t0ti2/compilers/cross/winavr/bin/../lib/gcc/avr/4.3.3/avr5\libgcc.a(_fixunssfsi.o)
 .bss           0x00800192        0x0 c:/users/t0ti2/compilers/cross/winavr/bin/../lib/gcc/avr/4.3.3/avr5\libgcc.a(_addsub_sf.o)
 .bss           0x00800192        0x0 c:/users/t0ti2/compilers/cross/winavr/bin/../lib/gcc/avr/4.3.3/avr5\libgcc.a(_mul_sf.o)
 .bss           0x00800192        0x0 c:/users/t0ti2/compilers/cross/winavr/bin/../lib/gcc/avr/4.3.3/avr5\libgcc.a(_div_sf.o)
 .bss           0x00800192        0x0 c:/users/t0ti2/compilers/cross/winavr/bin/../lib/gcc/avr/4.3.3/avr5\libgcc.a(_gt_sf.o)
 .bss           0x00800192        0x0 c:/users/t0ti2/compilers/cross/winavr/bin/../lib/gcc/avr/4.3.3/avr5\libgcc.a(_ge_sf.o)
 .bss           0x00800192        0x0 c:/users/t0ti2/compilers/cross/winavr/bin/../lib/gcc/avr/4.3.3/avr5\libgcc.a(_lt_sf.o)
 .bss           0x00800192        0x0 c:/users/t0ti2/compilers/cross/winavr/bin/../lib/gcc/avr/4.3.3/avr5\libgcc.a(_sf_to_si.o)
 .bss           0x00800192        0x0 c:/users/t0ti2/compilers/cross/winavr/bin/../lib/gcc/avr/4.3.3/avr5\libgcc.a(_thenan_sf.o)
 .bss           0x00800192        0x0 c:/users/t0ti2/compilers/cross/winavr/bin/../lib/gcc/avr/4.3.3/avr5\libgcc.a(_usi_to_sf.o)
 .bss           0x00800192        0x0 c:/users/t0ti2/compilers/cross/winavr/bin/../lib/gcc/avr/4.3.3/avr5\libgcc.a(_prologue.o)
 .bss           0x00800192        0x0 c:/users/t0ti2/compilers/cross/winavr/bin/../lib/gcc/avr/4.3.3/avr5\libgcc.a(_epilogue.o)
 .bss           0x00800192        0x0 c:/users/t0ti2/compilers/cross/winavr/bin/../lib/gcc/avr/4.3.3/avr5\libgcc.a(_clzsi2.o)
 .bss           0x00800192        0x0 c:/users/t0ti2/compilers/cross/winavr/bin/../lib/gcc/avr/4.3.3/avr5\libgcc.a(_pack_sf.o)
 .bss           0x00800192        0x0 c:/users/t0ti2/compilers/cross/winavr/bin/../lib/gcc/avr/4.3.3/avr5\libgcc.a(_unpack_sf.o)
 .bss           0x00800192        0x0 c:/users/t0ti2/compilers/cross/winavr/bin/../lib/gcc/avr/4.3.3/avr5\libgcc.a(_fpcmp_parts_sf.o)
 .bss           0x00800192        0x0 c:/users/t0ti2/compilers/cross/winavr/bin/../lib/gcc/avr/4.3.3/avr5\libgcc.a(_clz.o)
 *(.bss*)
 .bss.Timer_0_Overflow_Inturrept_Function
                0x00800192        0x2 ./MCAL/Timer/Timer_Program.o
 .bss.Timer_0_Compare_Match_Inturrept_Function
                0x00800194        0x2 ./MCAL/Timer/Timer_Program.o
 .bss.Timer_2_Overflow_Inturrept_Function
                0x00800196        0x2 ./MCAL/Timer/Timer_Program.o
 .bss.Timer_2_Compare_Match_Inturrept_Function
                0x00800198        0x2 ./MCAL/Timer/Timer_Program.o
 .bss.SPI_Inturrept_Function
                0x0080019a        0x2 ./MCAL/SPI/SPI_Program.o
 .bss.External_Interrupt_1_Function
                0x0080019c        0x2 ./MCAL/External_Interrupt/External_Interrupt_Program.o
 .bss.External_Interrupt_2_Function
                0x0080019e        0x2 ./MCAL/External_Interrupt/External_Interrupt_Program.o
 .bss.Local_u8State
                0x008001a0        0x1 ./HAL/Seven_Segment/Seven_Segment_Program.o
                0x008001a0                Local_u8State
 *(COMMON)
 COMMON         0x008001a1        0x8 ./MCAL/Timer/Timer_Program.o
                0x008001a1                Global_Timer_2_u16Flag
                0x008001a5                Global_Timer_0_u16Flag
                0x008001a9                PROVIDE (__bss_end, .)
                0x00005e3a                __data_load_start = LOADADDR (.data)
                0x00005f6c                __data_load_end = (__data_load_start + SIZEOF (.data))

.noinit         0x008001a9        0x0
                0x008001a9                PROVIDE (__noinit_start, .)
 *(.noinit*)
                0x008001a9                PROVIDE (__noinit_end, .)
                0x008001a9                _end = .
                0x008001a9                PROVIDE (__heap_start, .)

.eeprom         0x00810000        0x0
 *(.eeprom*)
                0x00810000                __eeprom_end = .

.fuse
 *(.fuse)
 *(.lfuse)
 *(.hfuse)
 *(.efuse)

.lock
 *(.lock*)

.signature
 *(.signature*)

.stab           0x00000000     0x5b74
 *(.stab)
 .stab          0x00000000      0x408 ./MCAL/UART/UART_Program.o
 .stab          0x00000408      0xc00 ./MCAL/Timer/Timer_Program.o
                                0xc0c (size before relaxing)
 .stab          0x00001008      0x3a8 ./MCAL/TWI/TWI_Program.o
                                0x3b4 (size before relaxing)
 .stab          0x000013b0      0x468 ./MCAL/SPI/SPI_Program.o
                                0x474 (size before relaxing)
 .stab          0x00001818      0x204 ./MCAL/GIE/GIE_Program.o
                                0x210 (size before relaxing)
 .stab          0x00001a1c      0x4b0 ./MCAL/External_Interrupt/External_Interrupt_Program.o
                                0x4bc (size before relaxing)
 .stab          0x00001ecc      0x99c ./MCAL/DIO/DIO_Program.o
                                0x9a8 (size before relaxing)
 .stab          0x00002868      0x390 ./MCAL/ADC/ADC_Program.o
                                0x39c (size before relaxing)
 .stab          0x00002bf8      0x990 ./HAL/Stepper_Motor/Stepper_Motor_Program.o
                                0x99c (size before relaxing)
 .stab          0x00003588      0xaec ./HAL/Seven_Segment/Seven_Segment_Program.o
                                0xc90 (size before relaxing)
 .stab          0x00004074      0xd68 ./HAL/LCD/LCD_Program.o
                                0xf0c (size before relaxing)
 .stab          0x00004ddc      0x570 ./HAL/Keypad/Keypad_Program.o
                                0x57c (size before relaxing)
 .stab          0x0000534c      0x450 ./HAL/DC_Motor/DC_Motor_Program.o
                                0x45c (size before relaxing)
 .stab          0x0000579c      0x3d8 ./Application/main.o
                                0x57c (size before relaxing)

.stabstr        0x00000000     0x326b
 *(.stabstr)
 .stabstr       0x00000000     0x326b ./MCAL/UART/UART_Program.o

.stab.excl
 *(.stab.excl)

.stab.exclstr
 *(.stab.exclstr)

.stab.index
 *(.stab.index)

.stab.indexstr
 *(.stab.indexstr)

.comment
 *(.comment)

.debug
 *(.debug)

.line
 *(.line)

.debug_srcinfo
 *(.debug_srcinfo)

.debug_sfnames
 *(.debug_sfnames)

.debug_aranges  0x00000000      0x1a0
 *(.debug_aranges)
 .debug_aranges
                0x00000000       0x20 c:/users/t0ti2/compilers/cross/winavr/bin/../lib/gcc/avr/4.3.3/avr5\libgcc.a(_fixunssfsi.o)
 .debug_aranges
                0x00000020       0x20 c:/users/t0ti2/compilers/cross/winavr/bin/../lib/gcc/avr/4.3.3/avr5\libgcc.a(_addsub_sf.o)
 .debug_aranges
                0x00000040       0x20 c:/users/t0ti2/compilers/cross/winavr/bin/../lib/gcc/avr/4.3.3/avr5\libgcc.a(_mul_sf.o)
 .debug_aranges
                0x00000060       0x20 c:/users/t0ti2/compilers/cross/winavr/bin/../lib/gcc/avr/4.3.3/avr5\libgcc.a(_div_sf.o)
 .debug_aranges
                0x00000080       0x20 c:/users/t0ti2/compilers/cross/winavr/bin/../lib/gcc/avr/4.3.3/avr5\libgcc.a(_gt_sf.o)
 .debug_aranges
                0x000000a0       0x20 c:/users/t0ti2/compilers/cross/winavr/bin/../lib/gcc/avr/4.3.3/avr5\libgcc.a(_ge_sf.o)
 .debug_aranges
                0x000000c0       0x20 c:/users/t0ti2/compilers/cross/winavr/bin/../lib/gcc/avr/4.3.3/avr5\libgcc.a(_lt_sf.o)
 .debug_aranges
                0x000000e0       0x20 c:/users/t0ti2/compilers/cross/winavr/bin/../lib/gcc/avr/4.3.3/avr5\libgcc.a(_sf_to_si.o)
 .debug_aranges
                0x00000100       0x20 c:/users/t0ti2/compilers/cross/winavr/bin/../lib/gcc/avr/4.3.3/avr5\libgcc.a(_usi_to_sf.o)
 .debug_aranges
                0x00000120       0x20 c:/users/t0ti2/compilers/cross/winavr/bin/../lib/gcc/avr/4.3.3/avr5\libgcc.a(_clzsi2.o)
 .debug_aranges
                0x00000140       0x20 c:/users/t0ti2/compilers/cross/winavr/bin/../lib/gcc/avr/4.3.3/avr5\libgcc.a(_pack_sf.o)
 .debug_aranges
                0x00000160       0x20 c:/users/t0ti2/compilers/cross/winavr/bin/../lib/gcc/avr/4.3.3/avr5\libgcc.a(_unpack_sf.o)
 .debug_aranges
                0x00000180       0x20 c:/users/t0ti2/compilers/cross/winavr/bin/../lib/gcc/avr/4.3.3/avr5\libgcc.a(_fpcmp_parts_sf.o)

.debug_pubnames
                0x00000000      0x1f2
 *(.debug_pubnames)
 .debug_pubnames
                0x00000000       0x23 c:/users/t0ti2/compilers/cross/winavr/bin/../lib/gcc/avr/4.3.3/avr5\libgcc.a(_fixunssfsi.o)
 .debug_pubnames
                0x00000023       0x2c c:/users/t0ti2/compilers/cross/winavr/bin/../lib/gcc/avr/4.3.3/avr5\libgcc.a(_addsub_sf.o)
 .debug_pubnames
                0x0000004f       0x1f c:/users/t0ti2/compilers/cross/winavr/bin/../lib/gcc/avr/4.3.3/avr5\libgcc.a(_mul_sf.o)
 .debug_pubnames
                0x0000006e       0x1f c:/users/t0ti2/compilers/cross/winavr/bin/../lib/gcc/avr/4.3.3/avr5\libgcc.a(_div_sf.o)
 .debug_pubnames
                0x0000008d       0x1e c:/users/t0ti2/compilers/cross/winavr/bin/../lib/gcc/avr/4.3.3/avr5\libgcc.a(_gt_sf.o)
 .debug_pubnames
                0x000000ab       0x1e c:/users/t0ti2/compilers/cross/winavr/bin/../lib/gcc/avr/4.3.3/avr5\libgcc.a(_ge_sf.o)
 .debug_pubnames
                0x000000c9       0x1e c:/users/t0ti2/compilers/cross/winavr/bin/../lib/gcc/avr/4.3.3/avr5\libgcc.a(_lt_sf.o)
 .debug_pubnames
                0x000000e7       0x20 c:/users/t0ti2/compilers/cross/winavr/bin/../lib/gcc/avr/4.3.3/avr5\libgcc.a(_sf_to_si.o)
 .debug_pubnames
                0x00000107       0x22 c:/users/t0ti2/compilers/cross/winavr/bin/../lib/gcc/avr/4.3.3/avr5\libgcc.a(_thenan_sf.o)
 .debug_pubnames
                0x00000129       0x24 c:/users/t0ti2/compilers/cross/winavr/bin/../lib/gcc/avr/4.3.3/avr5\libgcc.a(_usi_to_sf.o)
 .debug_pubnames
                0x0000014d       0x1f c:/users/t0ti2/compilers/cross/winavr/bin/../lib/gcc/avr/4.3.3/avr5\libgcc.a(_clzsi2.o)
 .debug_pubnames
                0x0000016c       0x1f c:/users/t0ti2/compilers/cross/winavr/bin/../lib/gcc/avr/4.3.3/avr5\libgcc.a(_pack_sf.o)
 .debug_pubnames
                0x0000018b       0x21 c:/users/t0ti2/compilers/cross/winavr/bin/../lib/gcc/avr/4.3.3/avr5\libgcc.a(_unpack_sf.o)
 .debug_pubnames
                0x000001ac       0x26 c:/users/t0ti2/compilers/cross/winavr/bin/../lib/gcc/avr/4.3.3/avr5\libgcc.a(_fpcmp_parts_sf.o)
 .debug_pubnames
                0x000001d2       0x20 c:/users/t0ti2/compilers/cross/winavr/bin/../lib/gcc/avr/4.3.3/avr5\libgcc.a(_clz.o)

.debug_info     0x00000000     0x240b
 *(.debug_info)
 .debug_info    0x00000000       0xb1 c:/users/t0ti2/compilers/cross/winavr/bin/../lib/gcc/avr/4.3.3/avr5\libgcc.a(_fixunssfsi.o)
 .debug_info    0x000000b1      0x47a c:/users/t0ti2/compilers/cross/winavr/bin/../lib/gcc/avr/4.3.3/avr5\libgcc.a(_addsub_sf.o)
 .debug_info    0x0000052b      0x485 c:/users/t0ti2/compilers/cross/winavr/bin/../lib/gcc/avr/4.3.3/avr5\libgcc.a(_mul_sf.o)
 .debug_info    0x000009b0      0x3fc c:/users/t0ti2/compilers/cross/winavr/bin/../lib/gcc/avr/4.3.3/avr5\libgcc.a(_div_sf.o)
 .debug_info    0x00000dac      0x27f c:/users/t0ti2/compilers/cross/winavr/bin/../lib/gcc/avr/4.3.3/avr5\libgcc.a(_gt_sf.o)
 .debug_info    0x0000102b      0x27f c:/users/t0ti2/compilers/cross/winavr/bin/../lib/gcc/avr/4.3.3/avr5\libgcc.a(_ge_sf.o)
 .debug_info    0x000012aa      0x27f c:/users/t0ti2/compilers/cross/winavr/bin/../lib/gcc/avr/4.3.3/avr5\libgcc.a(_lt_sf.o)
 .debug_info    0x00001529      0x2b0 c:/users/t0ti2/compilers/cross/winavr/bin/../lib/gcc/avr/4.3.3/avr5\libgcc.a(_sf_to_si.o)
 .debug_info    0x000017d9      0x12c c:/users/t0ti2/compilers/cross/winavr/bin/../lib/gcc/avr/4.3.3/avr5\libgcc.a(_thenan_sf.o)
 .debug_info    0x00001905      0x206 c:/users/t0ti2/compilers/cross/winavr/bin/../lib/gcc/avr/4.3.3/avr5\libgcc.a(_usi_to_sf.o)
 .debug_info    0x00001b0b      0x117 c:/users/t0ti2/compilers/cross/winavr/bin/../lib/gcc/avr/4.3.3/avr5\libgcc.a(_clzsi2.o)
 .debug_info    0x00001c22      0x2df c:/users/t0ti2/compilers/cross/winavr/bin/../lib/gcc/avr/4.3.3/avr5\libgcc.a(_pack_sf.o)
 .debug_info    0x00001f01      0x251 c:/users/t0ti2/compilers/cross/winavr/bin/../lib/gcc/avr/4.3.3/avr5\libgcc.a(_unpack_sf.o)
 .debug_info    0x00002152      0x210 c:/users/t0ti2/compilers/cross/winavr/bin/../lib/gcc/avr/4.3.3/avr5\libgcc.a(_fpcmp_parts_sf.o)
 .debug_info    0x00002362       0xa9 c:/users/t0ti2/compilers/cross/winavr/bin/../lib/gcc/avr/4.3.3/avr5\libgcc.a(_clz.o)
 *(.gnu.linkonce.wi.*)

.debug_abbrev   0x00000000     0x1386
 *(.debug_abbrev)
 .debug_abbrev  0x00000000       0x5d c:/users/t0ti2/compilers/cross/winavr/bin/../lib/gcc/avr/4.3.3/avr5\libgcc.a(_fixunssfsi.o)
 .debug_abbrev  0x0000005d      0x1ea c:/users/t0ti2/compilers/cross/winavr/bin/../lib/gcc/avr/4.3.3/avr5\libgcc.a(_addsub_sf.o)
 .debug_abbrev  0x00000247      0x21b c:/users/t0ti2/compilers/cross/winavr/bin/../lib/gcc/avr/4.3.3/avr5\libgcc.a(_mul_sf.o)
 .debug_abbrev  0x00000462      0x216 c:/users/t0ti2/compilers/cross/winavr/bin/../lib/gcc/avr/4.3.3/avr5\libgcc.a(_div_sf.o)
 .debug_abbrev  0x00000678      0x15a c:/users/t0ti2/compilers/cross/winavr/bin/../lib/gcc/avr/4.3.3/avr5\libgcc.a(_gt_sf.o)
 .debug_abbrev  0x000007d2      0x15a c:/users/t0ti2/compilers/cross/winavr/bin/../lib/gcc/avr/4.3.3/avr5\libgcc.a(_ge_sf.o)
 .debug_abbrev  0x0000092c      0x15a c:/users/t0ti2/compilers/cross/winavr/bin/../lib/gcc/avr/4.3.3/avr5\libgcc.a(_lt_sf.o)
 .debug_abbrev  0x00000a86      0x17f c:/users/t0ti2/compilers/cross/winavr/bin/../lib/gcc/avr/4.3.3/avr5\libgcc.a(_sf_to_si.o)
 .debug_abbrev  0x00000c05       0xad c:/users/t0ti2/compilers/cross/winavr/bin/../lib/gcc/avr/4.3.3/avr5\libgcc.a(_thenan_sf.o)
 .debug_abbrev  0x00000cb2      0x157 c:/users/t0ti2/compilers/cross/winavr/bin/../lib/gcc/avr/4.3.3/avr5\libgcc.a(_usi_to_sf.o)
 .debug_abbrev  0x00000e09       0xc4 c:/users/t0ti2/compilers/cross/winavr/bin/../lib/gcc/avr/4.3.3/avr5\libgcc.a(_clzsi2.o)
 .debug_abbrev  0x00000ecd      0x1c0 c:/users/t0ti2/compilers/cross/winavr/bin/../lib/gcc/avr/4.3.3/avr5\libgcc.a(_pack_sf.o)
 .debug_abbrev  0x0000108d      0x154 c:/users/t0ti2/compilers/cross/winavr/bin/../lib/gcc/avr/4.3.3/avr5\libgcc.a(_unpack_sf.o)
 .debug_abbrev  0x000011e1      0x13b c:/users/t0ti2/compilers/cross/winavr/bin/../lib/gcc/avr/4.3.3/avr5\libgcc.a(_fpcmp_parts_sf.o)
 .debug_abbrev  0x0000131c       0x6a c:/users/t0ti2/compilers/cross/winavr/bin/../lib/gcc/avr/4.3.3/avr5\libgcc.a(_clz.o)

.debug_line     0x00000000     0x11d6
 *(.debug_line)
 .debug_line    0x00000000       0xa7 c:/users/t0ti2/compilers/cross/winavr/bin/../lib/gcc/avr/4.3.3/avr5\libgcc.a(_fixunssfsi.o)
 .debug_line    0x000000a7      0x2af c:/users/t0ti2/compilers/cross/winavr/bin/../lib/gcc/avr/4.3.3/avr5\libgcc.a(_addsub_sf.o)
 .debug_line    0x00000356      0x239 c:/users/t0ti2/compilers/cross/winavr/bin/../lib/gcc/avr/4.3.3/avr5\libgcc.a(_mul_sf.o)
 .debug_line    0x0000058f      0x1d5 c:/users/t0ti2/compilers/cross/winavr/bin/../lib/gcc/avr/4.3.3/avr5\libgcc.a(_div_sf.o)
 .debug_line    0x00000764       0xd3 c:/users/t0ti2/compilers/cross/winavr/bin/../lib/gcc/avr/4.3.3/avr5\libgcc.a(_gt_sf.o)
 .debug_line    0x00000837       0xd3 c:/users/t0ti2/compilers/cross/winavr/bin/../lib/gcc/avr/4.3.3/avr5\libgcc.a(_ge_sf.o)
 .debug_line    0x0000090a       0xd3 c:/users/t0ti2/compilers/cross/winavr/bin/../lib/gcc/avr/4.3.3/avr5\libgcc.a(_lt_sf.o)
 .debug_line    0x000009dd      0x109 c:/users/t0ti2/compilers/cross/winavr/bin/../lib/gcc/avr/4.3.3/avr5\libgcc.a(_sf_to_si.o)
 .debug_line    0x00000ae6       0x90 c:/users/t0ti2/compilers/cross/winavr/bin/../lib/gcc/avr/4.3.3/avr5\libgcc.a(_thenan_sf.o)
 .debug_line    0x00000b76      0x133 c:/users/t0ti2/compilers/cross/winavr/bin/../lib/gcc/avr/4.3.3/avr5\libgcc.a(_usi_to_sf.o)
 .debug_line    0x00000ca9       0xa5 c:/users/t0ti2/compilers/cross/winavr/bin/../lib/gcc/avr/4.3.3/avr5\libgcc.a(_clzsi2.o)
 .debug_line    0x00000d4e      0x18a c:/users/t0ti2/compilers/cross/winavr/bin/../lib/gcc/avr/4.3.3/avr5\libgcc.a(_pack_sf.o)
 .debug_line    0x00000ed8      0x14b c:/users/t0ti2/compilers/cross/winavr/bin/../lib/gcc/avr/4.3.3/avr5\libgcc.a(_unpack_sf.o)
 .debug_line    0x00001023      0x137 c:/users/t0ti2/compilers/cross/winavr/bin/../lib/gcc/avr/4.3.3/avr5\libgcc.a(_fpcmp_parts_sf.o)
 .debug_line    0x0000115a       0x7c c:/users/t0ti2/compilers/cross/winavr/bin/../lib/gcc/avr/4.3.3/avr5\libgcc.a(_clz.o)

.debug_frame    0x00000000      0x1c0
 *(.debug_frame)
 .debug_frame   0x00000000       0x20 c:/users/t0ti2/compilers/cross/winavr/bin/../lib/gcc/avr/4.3.3/avr5\libgcc.a(_fixunssfsi.o)
 .debug_frame   0x00000020       0x40 c:/users/t0ti2/compilers/cross/winavr/bin/../lib/gcc/avr/4.3.3/avr5\libgcc.a(_addsub_sf.o)
 .debug_frame   0x00000060       0x20 c:/users/t0ti2/compilers/cross/winavr/bin/../lib/gcc/avr/4.3.3/avr5\libgcc.a(_mul_sf.o)
 .debug_frame   0x00000080       0x20 c:/users/t0ti2/compilers/cross/winavr/bin/../lib/gcc/avr/4.3.3/avr5\libgcc.a(_div_sf.o)
 .debug_frame   0x000000a0       0x20 c:/users/t0ti2/compilers/cross/winavr/bin/../lib/gcc/avr/4.3.3/avr5\libgcc.a(_gt_sf.o)
 .debug_frame   0x000000c0       0x20 c:/users/t0ti2/compilers/cross/winavr/bin/../lib/gcc/avr/4.3.3/avr5\libgcc.a(_ge_sf.o)
 .debug_frame   0x000000e0       0x20 c:/users/t0ti2/compilers/cross/winavr/bin/../lib/gcc/avr/4.3.3/avr5\libgcc.a(_lt_sf.o)
 .debug_frame   0x00000100       0x20 c:/users/t0ti2/compilers/cross/winavr/bin/../lib/gcc/avr/4.3.3/avr5\libgcc.a(_sf_to_si.o)
 .debug_frame   0x00000120       0x20 c:/users/t0ti2/compilers/cross/winavr/bin/../lib/gcc/avr/4.3.3/avr5\libgcc.a(_usi_to_sf.o)
 .debug_frame   0x00000140       0x20 c:/users/t0ti2/compilers/cross/winavr/bin/../lib/gcc/avr/4.3.3/avr5\libgcc.a(_clzsi2.o)
 .debug_frame   0x00000160       0x20 c:/users/t0ti2/compilers/cross/winavr/bin/../lib/gcc/avr/4.3.3/avr5\libgcc.a(_pack_sf.o)
 .debug_frame   0x00000180       0x20 c:/users/t0ti2/compilers/cross/winavr/bin/../lib/gcc/avr/4.3.3/avr5\libgcc.a(_unpack_sf.o)
 .debug_frame   0x000001a0       0x20 c:/users/t0ti2/compilers/cross/winavr/bin/../lib/gcc/avr/4.3.3/avr5\libgcc.a(_fpcmp_parts_sf.o)

.debug_str      0x00000000      0x2f6
 *(.debug_str)
 .debug_str     0x00000000       0xbf c:/users/t0ti2/compilers/cross/winavr/bin/../lib/gcc/avr/4.3.3/avr5\libgcc.a(_fixunssfsi.o)
                                 0xfe (size before relaxing)
 .debug_str     0x000000bf      0x14d c:/users/t0ti2/compilers/cross/winavr/bin/../lib/gcc/avr/4.3.3/avr5\libgcc.a(_addsub_sf.o)
                                0x206 (size before relaxing)
 .debug_str     0x0000020c       0x27 c:/users/t0ti2/compilers/cross/winavr/bin/../lib/gcc/avr/4.3.3/avr5\libgcc.a(_mul_sf.o)
                                0x1bf (size before relaxing)
 .debug_str     0x00000233       0x35 c:/users/t0ti2/compilers/cross/winavr/bin/../lib/gcc/avr/4.3.3/avr5\libgcc.a(_div_sf.o)
                                0x1c8 (size before relaxing)
 .debug_str     0x00000268        0x8 c:/users/t0ti2/compilers/cross/winavr/bin/../lib/gcc/avr/4.3.3/avr5\libgcc.a(_gt_sf.o)
                                0x195 (size before relaxing)
 .debug_str     0x00000270        0x8 c:/users/t0ti2/compilers/cross/winavr/bin/../lib/gcc/avr/4.3.3/avr5\libgcc.a(_ge_sf.o)
                                0x195 (size before relaxing)
 .debug_str     0x00000278        0x8 c:/users/t0ti2/compilers/cross/winavr/bin/../lib/gcc/avr/4.3.3/avr5\libgcc.a(_lt_sf.o)
                                0x195 (size before relaxing)
 .debug_str     0x00000280        0xa c:/users/t0ti2/compilers/cross/winavr/bin/../lib/gcc/avr/4.3.3/avr5\libgcc.a(_sf_to_si.o)
                                0x19e (size before relaxing)
 .debug_str     0x00000000      0x103 c:/users/t0ti2/compilers/cross/winavr/bin/../lib/gcc/avr/4.3.3/avr5\libgcc.a(_thenan_sf.o)
 .debug_str     0x0000028a       0x21 c:/users/t0ti2/compilers/cross/winavr/bin/../lib/gcc/avr/4.3.3/avr5\libgcc.a(_usi_to_sf.o)
                                0x177 (size before relaxing)
 .debug_str     0x000002ab       0x20 c:/users/t0ti2/compilers/cross/winavr/bin/../lib/gcc/avr/4.3.3/avr5\libgcc.a(_clzsi2.o)
                                0x111 (size before relaxing)
 .debug_str     0x000002cb       0x10 c:/users/t0ti2/compilers/cross/winavr/bin/../lib/gcc/avr/4.3.3/avr5\libgcc.a(_pack_sf.o)
                                0x19d (size before relaxing)
 .debug_str     0x000002db        0xb c:/users/t0ti2/compilers/cross/winavr/bin/../lib/gcc/avr/4.3.3/avr5\libgcc.a(_unpack_sf.o)
                                0x17f (size before relaxing)
 .debug_str     0x000002e6       0x10 c:/users/t0ti2/compilers/cross/winavr/bin/../lib/gcc/avr/4.3.3/avr5\libgcc.a(_fpcmp_parts_sf.o)
                                0x163 (size before relaxing)
 .debug_str     0x00000000       0xf4 c:/users/t0ti2/compilers/cross/winavr/bin/../lib/gcc/avr/4.3.3/avr5\libgcc.a(_clz.o)

.debug_loc      0x00000000      0x96e
 *(.debug_loc)
 .debug_loc     0x00000000       0x34 c:/users/t0ti2/compilers/cross/winavr/bin/../lib/gcc/avr/4.3.3/avr5\libgcc.a(_fixunssfsi.o)
 .debug_loc     0x00000034      0x32a c:/users/t0ti2/compilers/cross/winavr/bin/../lib/gcc/avr/4.3.3/avr5\libgcc.a(_addsub_sf.o)
 .debug_loc     0x0000035e      0x104 c:/users/t0ti2/compilers/cross/winavr/bin/../lib/gcc/avr/4.3.3/avr5\libgcc.a(_mul_sf.o)
 .debug_loc     0x00000462       0xc0 c:/users/t0ti2/compilers/cross/winavr/bin/../lib/gcc/avr/4.3.3/avr5\libgcc.a(_div_sf.o)
 .debug_loc     0x00000522       0x3c c:/users/t0ti2/compilers/cross/winavr/bin/../lib/gcc/avr/4.3.3/avr5\libgcc.a(_gt_sf.o)
 .debug_loc     0x0000055e       0x3c c:/users/t0ti2/compilers/cross/winavr/bin/../lib/gcc/avr/4.3.3/avr5\libgcc.a(_ge_sf.o)
 .debug_loc     0x0000059a       0x3c c:/users/t0ti2/compilers/cross/winavr/bin/../lib/gcc/avr/4.3.3/avr5\libgcc.a(_lt_sf.o)
 .debug_loc     0x000005d6       0x7e c:/users/t0ti2/compilers/cross/winavr/bin/../lib/gcc/avr/4.3.3/avr5\libgcc.a(_sf_to_si.o)
 .debug_loc     0x00000654       0x4c c:/users/t0ti2/compilers/cross/winavr/bin/../lib/gcc/avr/4.3.3/avr5\libgcc.a(_usi_to_sf.o)
 .debug_loc     0x000006a0       0x94 c:/users/t0ti2/compilers/cross/winavr/bin/../lib/gcc/avr/4.3.3/avr5\libgcc.a(_clzsi2.o)
 .debug_loc     0x00000734      0x13e c:/users/t0ti2/compilers/cross/winavr/bin/../lib/gcc/avr/4.3.3/avr5\libgcc.a(_pack_sf.o)
 .debug_loc     0x00000872       0xac c:/users/t0ti2/compilers/cross/winavr/bin/../lib/gcc/avr/4.3.3/avr5\libgcc.a(_unpack_sf.o)
 .debug_loc     0x0000091e       0x50 c:/users/t0ti2/compilers/cross/winavr/bin/../lib/gcc/avr/4.3.3/avr5\libgcc.a(_fpcmp_parts_sf.o)

.debug_macinfo
 *(.debug_macinfo)
OUTPUT(ATMega32.elf elf32-avr)
LOAD linker stubs

.debug_ranges   0x00000000       0x50
 .debug_ranges  0x00000000       0x50 c:/users/t0ti2/compilers/cross/winavr/bin/../lib/gcc/avr/4.3.3/avr5\libgcc.a(_mul_sf.o)
