
Memory Configuration

Name             Origin             Length             Attributes
FLASH            0x0000000008000000 0x0000000000020000 xr
SRAM             0x0000000020000000 0x0000000000005000 xrw
*default*        0x0000000000000000 0xffffffffffffffff

Linker script and memory map


.text           0x0000000008000000      0x208
 *(.vectors*)
 .vectors       0x0000000008000000       0x58 Startup.o
                0x0000000008000000                vectors
 *(.text*)
 .text          0x0000000008000058       0x1a Alarm.o
                0x0000000008000058                Start_Alarm
 *fill*         0x0000000008000072        0x2 
 .text          0x0000000008000074       0xc4 driver.o
                0x0000000008000074                Delay
                0x0000000008000096                getPressureVal
                0x00000000080000ac                Set_Alarm_actuator
                0x00000000080000e8                GPIO_INITIALIZATION
 .text          0x0000000008000138        0xe main.o
                0x0000000008000138                main
 .text          0x0000000008000146       0x1c Pressure_Detection.o
                0x0000000008000146                Main_Algorithm
 .text          0x0000000008000162        0xe Pressure_Sensor.o
                0x0000000008000162                Get_Pressure
 .text          0x0000000008000170       0x98 Startup.o
                0x0000000008000170                FLASH
                0x0000000008000170                EXTI0
                0x0000000008000170                BusFualt
                0x0000000008000170                Reserved1
                0x0000000008000170                WWDG
                0x0000000008000170                DebugMonitor
                0x0000000008000170                NMI
                0x0000000008000170                PendSV
                0x0000000008000170                Reserved
                0x0000000008000170                RCC
                0x0000000008000170                Reset_Handled
                0x0000000008000170                SVCall
                0x0000000008000170                RTC
                0x0000000008000170                HardFault
                0x0000000008000170                TAMPER
                0x0000000008000170                SysTick
                0x0000000008000170                EXTI1
                0x0000000008000170                UsageFualt
                0x0000000008000170                PVD
                0x0000000008000170                EXTI2
                0x0000000008000170                MemManage
                0x000000000800017c                Reset
 *(.rodata)
                0x0000000008000208                _E_text = .

.glue_7         0x0000000008000208        0x0
 .glue_7        0x0000000008000208        0x0 linker stubs

.glue_7t        0x0000000008000208        0x0
 .glue_7t       0x0000000008000208        0x0 linker stubs

.vfp11_veneer   0x0000000008000208        0x0
 .vfp11_veneer  0x0000000008000208        0x0 linker stubs

.v4_bx          0x0000000008000208        0x0
 .v4_bx         0x0000000008000208        0x0 linker stubs

.iplt           0x0000000008000208        0x0
 .iplt          0x0000000008000208        0x0 Alarm.o

.rel.dyn        0x0000000008000208        0x0
 .rel.iplt      0x0000000008000208        0x0 Alarm.o

.data           0x0000000020000000        0x0 load address 0x0000000008000208
                0x0000000020000000                _S_DATA = .
 *(.data)
 .data          0x0000000020000000        0x0 Alarm.o
 .data          0x0000000020000000        0x0 driver.o
 .data          0x0000000020000000        0x0 main.o
 .data          0x0000000020000000        0x0 Pressure_Detection.o
 .data          0x0000000020000000        0x0 Pressure_Sensor.o
 .data          0x0000000020000000        0x0 Startup.o
                0x0000000020000000                _E_DATA = .
                0x0000000020000000                . = ALIGN (0x4)

.igot.plt       0x0000000020000000        0x0 load address 0x0000000008000208
 .igot.plt      0x0000000020000000        0x0 Alarm.o

.bss            0x0000000020000000     0x1000 load address 0x0000000008000208
                0x0000000020000000                _S_BSS = .
 *(.bss*)
 .bss           0x0000000020000000        0x0 Alarm.o
 .bss           0x0000000020000000        0x0 driver.o
 .bss           0x0000000020000000        0x0 main.o
 .bss           0x0000000020000000        0x0 Pressure_Detection.o
 .bss           0x0000000020000000        0x0 Pressure_Sensor.o
 .bss           0x0000000020000000        0x0 Startup.o
                0x0000000020000000                . = ALIGN (0x4)
                0x0000000020000000                _E_BSS = .
                0x0000000020000000                . = ALIGN (0x4)
                0x0000000020001000                . = (. + 0x1000)
 *fill*         0x0000000020000000     0x1000 
                0x0000000020001000                _stack_top = .
LOAD Alarm.o
LOAD driver.o
LOAD main.o
LOAD Pressure_Detection.o
LOAD Pressure_Sensor.o
LOAD Startup.o
OUTPUT(Application.elf elf32-littlearm)
LOAD linker stubs

.debug_info     0x0000000000000000      0x4c2
 .debug_info    0x0000000000000000       0x8c Alarm.o
 .debug_info    0x000000000000008c       0xf4 driver.o
 .debug_info    0x0000000000000180       0x8c main.o
 .debug_info    0x000000000000020c       0xbb Pressure_Detection.o
 .debug_info    0x00000000000002c7       0x90 Pressure_Sensor.o
 .debug_info    0x0000000000000357      0x16b Startup.o

.debug_abbrev   0x0000000000000000      0x2d7
 .debug_abbrev  0x0000000000000000       0x44 Alarm.o
 .debug_abbrev  0x0000000000000044       0xc3 driver.o
 .debug_abbrev  0x0000000000000107       0x42 main.o
 .debug_abbrev  0x0000000000000149       0x73 Pressure_Detection.o
 .debug_abbrev  0x00000000000001bc       0x46 Pressure_Sensor.o
 .debug_abbrev  0x0000000000000202       0xd5 Startup.o

.debug_aranges  0x0000000000000000       0xc0
 .debug_aranges
                0x0000000000000000       0x20 Alarm.o
 .debug_aranges
                0x0000000000000020       0x20 driver.o
 .debug_aranges
                0x0000000000000040       0x20 main.o
 .debug_aranges
                0x0000000000000060       0x20 Pressure_Detection.o
 .debug_aranges
                0x0000000000000080       0x20 Pressure_Sensor.o
 .debug_aranges
                0x00000000000000a0       0x20 Startup.o

.debug_line     0x0000000000000000      0x2da
 .debug_line    0x0000000000000000       0x41 Alarm.o
 .debug_line    0x0000000000000041       0xb2 driver.o
 .debug_line    0x00000000000000f3       0x40 main.o
 .debug_line    0x0000000000000133       0x6f Pressure_Detection.o
 .debug_line    0x00000000000001a2       0x49 Pressure_Sensor.o
 .debug_line    0x00000000000001eb       0xef Startup.o

.debug_str      0x0000000000000000      0x258
 .debug_str     0x0000000000000000      0x125 Alarm.o
                                        0x15e (size before relaxing)
 .debug_str     0x0000000000000125       0x55 driver.o
                                        0x19f (size before relaxing)
 .debug_str     0x000000000000017a        0xc main.o
                                        0x156 (size before relaxing)
 .debug_str     0x0000000000000186       0x35 Pressure_Detection.o
                                        0x188 (size before relaxing)
 .debug_str     0x00000000000001bb       0x1f Pressure_Sensor.o
                                        0x169 (size before relaxing)
 .debug_str     0x00000000000001da       0x7e Startup.o
                                        0x1c0 (size before relaxing)

.comment        0x0000000000000000       0x33
 .comment       0x0000000000000000       0x33 Alarm.o
                                         0x34 (size before relaxing)
 .comment       0x0000000000000033       0x34 driver.o
 .comment       0x0000000000000033       0x34 main.o
 .comment       0x0000000000000033       0x34 Pressure_Detection.o
 .comment       0x0000000000000033       0x34 Pressure_Sensor.o
 .comment       0x0000000000000033       0x34 Startup.o

.ARM.attributes
                0x0000000000000000       0x2d
 .ARM.attributes
                0x0000000000000000       0x2d Alarm.o
 .ARM.attributes
                0x000000000000002d       0x2d driver.o
 .ARM.attributes
                0x000000000000005a       0x2d main.o
 .ARM.attributes
                0x0000000000000087       0x2d Pressure_Detection.o
 .ARM.attributes
                0x00000000000000b4       0x2d Pressure_Sensor.o
 .ARM.attributes
                0x00000000000000e1       0x2d Startup.o

.debug_frame    0x0000000000000000      0x1a4
 .debug_frame   0x0000000000000000       0x2c Alarm.o
 .debug_frame   0x000000000000002c       0xa0 driver.o
 .debug_frame   0x00000000000000cc       0x2c main.o
 .debug_frame   0x00000000000000f8       0x30 Pressure_Detection.o
 .debug_frame   0x0000000000000128       0x2c Pressure_Sensor.o
 .debug_frame   0x0000000000000154       0x50 Startup.o
