
Memory Configuration

Name             Origin             Length             Attributes
ROM              0x0000000008000000 0x0000000000020000 xr
RAM              0x0000000020000000 0x0000000000005000 xrw
*default*        0x0000000000000000 0xffffffffffffffff

Linker script and memory map


.text           0x0000000008000000      0x270
                0x0000000008000000                _START_VECTORS_ = .
 *(.vectors*)
 .vectors       0x0000000008000000       0xc8 Startup.o
                0x0000000008000000                _VECTORS_
                0x00000000080000c8                _END_VECTORS_ = .
                0x00000000080000c8                _START_TEXT_ = .
 *(.text*)
 .text          0x00000000080000c8       0x24 Alarm.o
                0x00000000080000c8                Start_Alarm
 .text          0x00000000080000ec       0xc4 driver.o
                0x00000000080000ec                Delay
                0x000000000800010e                getPressureVal
                0x0000000008000124                Set_Alarm_actuator
                0x0000000008000160                GPIO_INITIALIZATION
 .text          0x00000000080001b0        0xe main.o
                0x00000000080001b0                main
 *fill*         0x00000000080001be        0x2 
 .text          0x00000000080001c0       0x30 Pressure_Detection.o
                0x00000000080001c0                Main_Algorithm
 .text          0x00000000080001f0        0xe Pressure_Sensor.o
                0x00000000080001f0                Get_Pressure
 *fill*         0x00000000080001fe        0x2 
 .text          0x0000000008000200       0x70 Startup.o
                0x0000000008000200                _RESET_
                0x0000000008000200                NMI_Handler
                0x0000000008000200                Hard_Fault_Handler
                0x0000000008000270                . = ALIGN (0x4)
                0x0000000008000270                _END_TEXT_ = .
                0x0000000008000270                _START_LMA_DATA_ = .

.glue_7         0x0000000008000270        0x0
 .glue_7        0x0000000008000270        0x0 linker stubs

.glue_7t        0x0000000008000270        0x0
 .glue_7t       0x0000000008000270        0x0 linker stubs

.vfp11_veneer   0x0000000008000270        0x0
 .vfp11_veneer  0x0000000008000270        0x0 linker stubs

.v4_bx          0x0000000008000270        0x0
 .v4_bx         0x0000000008000270        0x0 linker stubs

.iplt           0x0000000008000270        0x0
 .iplt          0x0000000008000270        0x0 Alarm.o

.rel.dyn        0x0000000008000270        0x0
 .rel.iplt      0x0000000008000270        0x0 Alarm.o

.data           0x0000000020000000        0x0 load address 0x0000000008000270
                0x0000000020000000                _START_VMA_DATA_ = .
 *(.data)
 .data          0x0000000020000000        0x0 Alarm.o
 .data          0x0000000020000000        0x0 driver.o
 .data          0x0000000020000000        0x0 main.o
 .data          0x0000000020000000        0x0 Pressure_Detection.o
 .data          0x0000000020000000        0x0 Pressure_Sensor.o
 .data          0x0000000020000000        0x0 Startup.o
 *(.rodara)
                0x0000000020000000                . = ALIGN (0x4)
                0x0000000020000000                _END_VMA_DATA_ = .
                0x0000000008000270                _END_LMA_DATA_ = ((_END_VMA_DATA_ - _START_VMA_DATA_) + _START_LMA_DATA_)

.igot.plt       0x0000000020000000        0x0 load address 0x0000000008000270
 .igot.plt      0x0000000020000000        0x0 Alarm.o

.bss            0x0000000020000000        0x4 load address 0x0000000008000270
                0x0000000020000000                _START_BSS_ = .
 *(.bss)
 .bss           0x0000000020000000        0x0 Alarm.o
 .bss           0x0000000020000000        0x0 driver.o
 .bss           0x0000000020000000        0x0 main.o
 .bss           0x0000000020000000        0x4 Pressure_Detection.o
                0x0000000020000000                Pressure
 .bss           0x0000000020000004        0x0 Pressure_Sensor.o
 .bss           0x0000000020000004        0x0 Startup.o
                0x0000000020000004                . = ALIGN (0x4)
                0x0000000020000004                _END_BSS_ = .
LOAD Alarm.o
LOAD driver.o
LOAD main.o
LOAD Pressure_Detection.o
LOAD Pressure_Sensor.o
LOAD Startup.o
OUTPUT(Application.elf elf32-littlearm)
LOAD linker stubs

.debug_info     0x0000000000000000      0x4bf
 .debug_info    0x0000000000000000       0x91 Alarm.o
 .debug_info    0x0000000000000091      0x106 driver.o
 .debug_info    0x0000000000000197       0x94 main.o
 .debug_info    0x000000000000022b       0xcf Pressure_Detection.o
 .debug_info    0x00000000000002fa       0x95 Pressure_Sensor.o
 .debug_info    0x000000000000038f      0x130 Startup.o

.debug_abbrev   0x0000000000000000      0x2bc
 .debug_abbrev  0x0000000000000000       0x44 Alarm.o
 .debug_abbrev  0x0000000000000044       0xc3 driver.o
 .debug_abbrev  0x0000000000000107       0x44 main.o
 .debug_abbrev  0x000000000000014b       0x84 Pressure_Detection.o
 .debug_abbrev  0x00000000000001cf       0x46 Pressure_Sensor.o
 .debug_abbrev  0x0000000000000215       0xa7 Startup.o

.debug_loc      0x0000000000000000      0x228
 .debug_loc     0x0000000000000000       0x2c Alarm.o
 .debug_loc     0x000000000000002c      0x140 driver.o
 .debug_loc     0x000000000000016c       0x2c main.o
 .debug_loc     0x0000000000000198       0x2c Pressure_Detection.o
 .debug_loc     0x00000000000001c4       0x2c Pressure_Sensor.o
 .debug_loc     0x00000000000001f0       0x38 Startup.o

.debug_aranges  0x0000000000000000       0xc0
 .debug_aranges
                0x0000000000000000       0x20 Alarm.o
 .debug_aranges
                0x0000000000000020       0x20 driver.o
 .debug_aranges
                0x0000000000000040       0x20 main.o
 .debug_aranges
                0x0000000000000060       0x20 Pressure_Detection.o
 .debug_aranges
                0x0000000000000080       0x20 Pressure_Sensor.o
 .debug_aranges
                0x00000000000000a0       0x20 Startup.o

.debug_line     0x0000000000000000      0x316
 .debug_line    0x0000000000000000       0x54 Alarm.o
 .debug_line    0x0000000000000054       0xb2 driver.o
 .debug_line    0x0000000000000106       0x40 main.o
 .debug_line    0x0000000000000146       0xae Pressure_Detection.o
 .debug_line    0x00000000000001f4       0x49 Pressure_Sensor.o
 .debug_line    0x000000000000023d       0xd9 Startup.o

.debug_str      0x0000000000000000      0x277
 .debug_str     0x0000000000000000      0x12f Alarm.o
                                        0x168 (size before relaxing)
 .debug_str     0x000000000000012f       0x55 driver.o
                                        0x1a9 (size before relaxing)
 .debug_str     0x0000000000000184        0xc main.o
                                        0x160 (size before relaxing)
 .debug_str     0x0000000000000190       0x35 Pressure_Detection.o
                                        0x19b (size before relaxing)
 .debug_str     0x00000000000001c5       0x1f Pressure_Sensor.o
                                        0x173 (size before relaxing)
 .debug_str     0x00000000000001e4       0x93 Startup.o
                                        0x1df (size before relaxing)

.comment        0x0000000000000000       0x33
 .comment       0x0000000000000000       0x33 Alarm.o
                                         0x34 (size before relaxing)
 .comment       0x0000000000000033       0x34 driver.o
 .comment       0x0000000000000033       0x34 main.o
 .comment       0x0000000000000033       0x34 Pressure_Detection.o
 .comment       0x0000000000000033       0x34 Pressure_Sensor.o
 .comment       0x0000000000000033       0x34 Startup.o

.ARM.attributes
                0x0000000000000000       0x2d
 .ARM.attributes
                0x0000000000000000       0x2d Alarm.o
 .ARM.attributes
                0x000000000000002d       0x2d driver.o
 .ARM.attributes
                0x000000000000005a       0x2d main.o
 .ARM.attributes
                0x0000000000000087       0x2d Pressure_Detection.o
 .ARM.attributes
                0x00000000000000b4       0x2d Pressure_Sensor.o
 .ARM.attributes
                0x00000000000000e1       0x2d Startup.o

.debug_frame    0x0000000000000000      0x180
 .debug_frame   0x0000000000000000       0x2c Alarm.o
 .debug_frame   0x000000000000002c       0xa0 driver.o
 .debug_frame   0x00000000000000cc       0x2c main.o
 .debug_frame   0x00000000000000f8       0x2c Pressure_Detection.o
 .debug_frame   0x0000000000000124       0x2c Pressure_Sensor.o
 .debug_frame   0x0000000000000150       0x30 Startup.o
