
Memory Configuration

Name             Origin             Length             Attributes
ROM              0x0000000008000000 0x0000000000020000 xrw
RAM              0x0000000020000000 0x0000000000005000 xr
*default*        0x0000000000000000 0xffffffffffffffff

Linker script and memory map


.text           0x0000000008000000      0x1bc
                0x0000000008000000                _START_VECTORS_ = .
 *(.vectors*)
 .vectors       0x0000000008000000       0xc8 Startup.o
                0x0000000008000000                _VECTORS_
                0x00000000080000c8                _END_VECTORS_ = .
                0x00000000080000c8                _START_TEXT_ = .
 *(.text*)
 .text          0x00000000080000c8       0x84 Application.o
                0x00000000080000c8                Intery_Function
                0x0000000008000140                NMI_Handler
 .text          0x000000000800014c       0x70 Startup.o
                0x000000000800014c                _RESET_
                0x000000000800014c                Hard_Fault_Handler
                0x00000000080001bc                . = ALIGN (0x4)
                0x00000000080001bc                _END_TEXT_ = .
                0x00000000080001bc                _START_LMA_DATA_ = .

.glue_7         0x00000000080001bc        0x0
 .glue_7        0x00000000080001bc        0x0 linker stubs

.glue_7t        0x00000000080001bc        0x0
 .glue_7t       0x00000000080001bc        0x0 linker stubs

.vfp11_veneer   0x00000000080001bc        0x0
 .vfp11_veneer  0x00000000080001bc        0x0 linker stubs

.v4_bx          0x00000000080001bc        0x0
 .v4_bx         0x00000000080001bc        0x0 linker stubs

.iplt           0x00000000080001bc        0x0
 .iplt          0x00000000080001bc        0x0 Startup.o

.rel.dyn        0x00000000080001bc        0x0
 .rel.iplt      0x00000000080001bc        0x0 Startup.o

.data           0x0000000020000000        0x4 load address 0x00000000080001bc
                0x0000000020000000                _START_VMA_DATA_ = .
 *(.data)
 .data          0x0000000020000000        0x4 Application.o
                0x0000000020000000                arr
 .data          0x0000000020000004        0x0 Startup.o
 *(.rodara)
                0x0000000020000004                . = ALIGN (0x4)
                0x0000000020000004                _END_VMA_DATA_ = .
                0x00000000080001c0                _END_LMA_DATA_ = ((_END_VMA_DATA_ - _START_VMA_DATA_) + _START_LMA_DATA_)

.igot.plt       0x0000000020000004        0x0 load address 0x00000000080001c0
 .igot.plt      0x0000000020000004        0x0 Startup.o

.bss            0x0000000020000004        0x4 load address 0x00000000080001c0
                0x0000000020000004                _START_BSS_ = .
 *(.bss)
 .bss           0x0000000020000004        0x4 Application.o
                0x0000000020000004                arr2
 .bss           0x0000000020000008        0x0 Startup.o
                0x0000000020000008                . = ALIGN (0x4)
                0x0000000020000008                _END_BSS_ = .
LOAD Application.o
LOAD Startup.o
OUTPUT(Application.elf elf32-littlearm)
LOAD linker stubs

.debug_info     0x0000000000000000      0x24a
 .debug_info    0x0000000000000000      0x11a Application.o
 .debug_info    0x000000000000011a      0x130 Startup.o

.debug_abbrev   0x0000000000000000      0x1ac
 .debug_abbrev  0x0000000000000000      0x105 Application.o
 .debug_abbrev  0x0000000000000105       0xa7 Startup.o

.debug_loc      0x0000000000000000       0xb4
 .debug_loc     0x0000000000000000       0x7c Application.o
 .debug_loc     0x000000000000007c       0x38 Startup.o

.debug_aranges  0x0000000000000000       0x40
 .debug_aranges
                0x0000000000000000       0x20 Application.o
 .debug_aranges
                0x0000000000000020       0x20 Startup.o

.debug_line     0x0000000000000000      0x15b
 .debug_line    0x0000000000000000       0x82 Application.o
 .debug_line    0x0000000000000082       0xd9 Startup.o

.debug_str      0x0000000000000000      0x1de
 .debug_str     0x0000000000000000      0x109 Application.o
                                        0x116 (size before relaxing)
 .debug_str     0x0000000000000109       0xd5 Startup.o
                                        0x1c3 (size before relaxing)

.comment        0x0000000000000000       0x33
 .comment       0x0000000000000000       0x33 Application.o
                                         0x34 (size before relaxing)
 .comment       0x0000000000000033       0x34 Startup.o

.ARM.attributes
                0x0000000000000000       0x2d
 .ARM.attributes
                0x0000000000000000       0x2d Application.o
 .ARM.attributes
                0x000000000000002d       0x2d Startup.o

.debug_frame    0x0000000000000000       0x7c
 .debug_frame   0x0000000000000000       0x4c Application.o
 .debug_frame   0x000000000000004c       0x30 Startup.o
