
Memory Configuration

Name             Origin             Length             Attributes
ROM              0x0000000000000000 0x0000000020000000 xrw
RAM              0x0000000020000000 0x0000000020000000 xr
*default*        0x0000000000000000 0xffffffffffffffff

Linker script and memory map


.text           0x0000000000000000      0x108
                0x0000000000000000                _START_VECTORS_ = .
 *(.vectors*)
 .vectors       0x0000000000000000       0x10 Startup.o
                0x0000000000000000                _VECTORS_
                0x0000000000000010                _END_VECTORS_ = .
                0x0000000000000010                _START_TEXT_ = .
 *(.text*)
 .text          0x0000000000000010       0x88 Application.o
                0x0000000000000010                Intery_Function
 .text          0x0000000000000098       0x70 Startup.o
                0x0000000000000098                _RESET_
                0x0000000000000098                NMI_Handler
                0x0000000000000098                Hard_Fault_Handler
                0x0000000000000108                . = ALIGN (0x4)
                0x0000000000000108                _END_TEXT_ = .
                0x0000000000000108                _START_LMA_DATA_ = .

.glue_7         0x0000000000000108        0x0
 .glue_7        0x0000000000000108        0x0 linker stubs

.glue_7t        0x0000000000000108        0x0
 .glue_7t       0x0000000000000108        0x0 linker stubs

.vfp11_veneer   0x0000000000000108        0x0
 .vfp11_veneer  0x0000000000000108        0x0 linker stubs

.v4_bx          0x0000000000000108        0x0
 .v4_bx         0x0000000000000108        0x0 linker stubs

.iplt           0x0000000000000108        0x0
 .iplt          0x0000000000000108        0x0 Startup.o

.rel.dyn        0x0000000000000108        0x0
 .rel.iplt      0x0000000000000108        0x0 Startup.o

.data           0x0000000020000000        0x0 load address 0x0000000000000108
                0x0000000020000000                _START_VMA_DATA_ = .
 *(.data)
 .data          0x0000000020000000        0x0 Application.o
 .data          0x0000000020000000        0x0 Startup.o
 *(.rodara)
                0x0000000020000000                . = ALIGN (0x4)
                0x0000000020000000                _END_VMA_DATA_ = .
                0x0000000000000108                _END_LMA_DATA_ = ((_END_VMA_DATA_ - _START_VMA_DATA_) + _START_LMA_DATA_)

.igot.plt       0x0000000020000000        0x0 load address 0x0000000000000108
 .igot.plt      0x0000000020000000        0x0 Startup.o

.bss            0x0000000020000000        0x0 load address 0x0000000000000108
                0x0000000020000000                _START_BSS_ = .
 *(.bss)
 .bss           0x0000000020000000        0x0 Application.o
 .bss           0x0000000020000000        0x0 Startup.o
                0x0000000020000000                . = ALIGN (0x4)
                0x0000000020000000                _END_BSS_ = .
LOAD Application.o
LOAD Startup.o
OUTPUT(Application.elf elf32-littlearm)
LOAD linker stubs

.debug_info     0x0000000000000000      0x1ed
 .debug_info    0x0000000000000000       0xb7 Application.o
 .debug_info    0x00000000000000b7      0x136 Startup.o

.debug_abbrev   0x0000000000000000      0x129
 .debug_abbrev  0x0000000000000000       0x83 Application.o
 .debug_abbrev  0x0000000000000083       0xa6 Startup.o

.debug_loc      0x0000000000000000       0x70
 .debug_loc     0x0000000000000000       0x38 Application.o
 .debug_loc     0x0000000000000038       0x38 Startup.o

.debug_aranges  0x0000000000000000       0x40
 .debug_aranges
                0x0000000000000000       0x20 Application.o
 .debug_aranges
                0x0000000000000020       0x20 Startup.o

.debug_line     0x0000000000000000      0x122
 .debug_line    0x0000000000000000       0xa5 Application.o
 .debug_line    0x00000000000000a5       0x7d Startup.o

.debug_str      0x0000000000000000      0x1b2
 .debug_str     0x0000000000000000       0xcf Application.o
                                         0xdc (size before relaxing)
 .debug_str     0x00000000000000cf       0xe3 Startup.o
                                        0x1be (size before relaxing)

.comment        0x0000000000000000       0x33
 .comment       0x0000000000000000       0x33 Application.o
                                         0x34 (size before relaxing)
 .comment       0x0000000000000033       0x34 Startup.o

.ARM.attributes
                0x0000000000000000       0x2e
 .ARM.attributes
                0x0000000000000000       0x2e Application.o
 .ARM.attributes
                0x000000000000002e       0x2e Startup.o

.debug_frame    0x0000000000000000       0x5c
 .debug_frame   0x0000000000000000       0x2c Application.o
 .debug_frame   0x000000000000002c       0x30 Startup.o
