<html>
<body>
<pre>
<h1>µVision Build Log</h1>
<h2>Tool Versions:</h2>
IDE-Version: µVision V5.38.0.0
Copyright (C) 2022 ARM Ltd and ARM Germany GmbH. All rights reserved.
License Information: Khaled El-Sayed, Mansoura, LIC=----
 
Tool Versions:
Toolchain:       MDK-Lite  Version: 5.38.0.0
Toolchain Path:  C:\Program Files\Keil_v5\ARM\ARMCLANG\Bin
C Compiler:      ArmClang.exe V6.19
Assembler:       Armasm.exe V6.19
Linker/Locator:  ArmLink.exe V6.19
Library Manager: ArmAr.exe V6.19
Hex Converter:   FromElf.exe V6.19
CPU DLL:         SARMCM3.DLL V5.38.0.0
Dialog DLL:      DCM.DLL V1.17.5.0
Target DLL:      lmidk-agdi.dll V???
Dialog DLL:      TCM.DLL V1.56.4.0
 
<h2>Project:</h2>
\\wsl.localhost\Ubuntu\home\Ubuntu\Desktop\GitHub\Learn_In_Depth\Embedded C\Lesson 4\Keil Simulation\C2_Toggle_PF1.uvproj
Project File Date:  05/12/2023

<h2>Output:</h2>
*** Using Compiler 'V6.19', folder: 'C:\Program Files\Keil_v5\ARM\ARMCLANG\Bin'
Build target 'C2_Toggle_PF1'
compiling main.c...
assembling startup.s...
linking...
Program Size: Code=1072 RO-data=16 RW-data=0 ZI-data=1128  
".\C2_Toggle_PF1.axf" - 0 Error(s), 0 Warning(s).
Build Time Elapsed:  00:00:04
</pre>
</body>
</html>
